<?xml version="1.0"?>
<link_info>
   <banner>TI ARM Linker PC v17.9.0.STS</banner>
   <copyright>Copyright (c) 1996-2017 Texas Instruments Incorporated</copyright>
   <link_time>0x5a12d015</link_time>
   <link_errors>0x0</link_errors>
   <output_file>testPO.out</output_file>
   <entry_point>
      <name>_c_int00_noargs</name>
      <address>0x173d</address>
   </entry_point>
   <input_file_list>
      <input_file id="fl-2">
         <path>.\</path>
         <kind>object</kind>
         <file>Input.obj</file>
         <name>Input.obj</name>
      </input_file>
      <input_file id="fl-3">
         <path>.\</path>
         <kind>object</kind>
         <file>PWR.obj</file>
         <name>PWR.obj</name>
      </input_file>
      <input_file id="fl-4">
         <path>.\</path>
         <kind>object</kind>
         <file>comTest.obj</file>
         <name>comTest.obj</name>
      </input_file>
      <input_file id="fl-5">
         <path>.\</path>
         <kind>object</kind>
         <file>main.obj</file>
         <name>main.obj</name>
      </input_file>
      <input_file id="fl-6">
         <path>.\</path>
         <kind>object</kind>
         <file>pinout.obj</file>
         <name>pinout.obj</name>
      </input_file>
      <input_file id="fl-7">
         <path>.\</path>
         <kind>object</kind>
         <file>startup_ccs.obj</file>
         <name>startup_ccs.obj</name>
      </input_file>
      <input_file id="fl-8">
         <path>.\</path>
         <kind>object</kind>
         <file>uartstdio.obj</file>
         <name>uartstdio.obj</name>
      </input_file>
      <input_file id="fl-d">
         <kind>object</kind>
         <file>&lt;internal&gt;</file>
         <name>&lt;internal&gt;</name>
      </input_file>
      <input_file id="fl-c3">
         <path>C:\ti\ccsv7\tools\compiler\ti-cgt-arm_17.9.0.STS\lib\</path>
         <kind>archive</kind>
         <file>rtsv7M4_T_le_v4SPD16_eabi.lib</file>
         <name>u_divt2.obj</name>
      </input_file>
      <input_file id="fl-c4">
         <path>C:\ti\ccsv7\tools\compiler\ti-cgt-arm_17.9.0.STS\lib\</path>
         <kind>archive</kind>
         <file>rtsv7M4_T_le_v4SPD16_eabi.lib</file>
         <name>copy_zero_init.obj</name>
      </input_file>
      <input_file id="fl-c5">
         <path>C:\ti\ccsv7\tools\compiler\ti-cgt-arm_17.9.0.STS\lib\</path>
         <kind>archive</kind>
         <file>rtsv7M4_T_le_v4SPD16_eabi.lib</file>
         <name>copy_decompress_none.obj</name>
      </input_file>
      <input_file id="fl-c6">
         <path>C:\ti\ccsv7\tools\compiler\ti-cgt-arm_17.9.0.STS\lib\</path>
         <kind>archive</kind>
         <file>rtsv7M4_T_le_v4SPD16_eabi.lib</file>
         <name>copy_decompress_lzss.obj</name>
      </input_file>
      <input_file id="fl-c7">
         <path>C:\ti\ccsv7\tools\compiler\ti-cgt-arm_17.9.0.STS\lib\</path>
         <kind>archive</kind>
         <file>rtsv7M4_T_le_v4SPD16_eabi.lib</file>
         <name>i_div0.obj</name>
      </input_file>
      <input_file id="fl-c8">
         <path>C:\ti\ccsv7\tools\compiler\ti-cgt-arm_17.9.0.STS\lib\</path>
         <kind>archive</kind>
         <file>rtsv7M4_T_le_v4SPD16_eabi.lib</file>
         <name>strstr.obj</name>
      </input_file>
      <input_file id="fl-c9">
         <path>C:\ti\ccsv7\tools\compiler\ti-cgt-arm_17.9.0.STS\lib\</path>
         <kind>archive</kind>
         <file>rtsv7M4_T_le_v4SPD16_eabi.lib</file>
         <name>boot_cortex_m.obj</name>
      </input_file>
      <input_file id="fl-ca">
         <path>C:\ti\ccsv7\tools\compiler\ti-cgt-arm_17.9.0.STS\lib\</path>
         <kind>archive</kind>
         <file>rtsv7M4_T_le_v4SPD16_eabi.lib</file>
         <name>memcpy_t2.obj</name>
      </input_file>
      <input_file id="fl-cb">
         <path>C:\ti\ccsv7\tools\compiler\ti-cgt-arm_17.9.0.STS\lib\</path>
         <kind>archive</kind>
         <file>rtsv7M4_T_le_v4SPD16_eabi.lib</file>
         <name>memset_t2.obj</name>
      </input_file>
      <input_file id="fl-cc">
         <path>C:\ti\ccsv7\tools\compiler\ti-cgt-arm_17.9.0.STS\lib\</path>
         <kind>archive</kind>
         <file>rtsv7M4_T_le_v4SPD16_eabi.lib</file>
         <name>autoinit.obj</name>
      </input_file>
      <input_file id="fl-cd">
         <path>C:\ti\ccsv7\tools\compiler\ti-cgt-arm_17.9.0.STS\lib\</path>
         <kind>archive</kind>
         <file>rtsv7M4_T_le_v4SPD16_eabi.lib</file>
         <name>pre_init.obj</name>
      </input_file>
      <input_file id="fl-ce">
         <path>C:\ti\ccsv7\tools\compiler\ti-cgt-arm_17.9.0.STS\lib\</path>
         <kind>archive</kind>
         <file>rtsv7M4_T_le_v4SPD16_eabi.lib</file>
         <name>cpy_tbl.obj</name>
      </input_file>
      <input_file id="fl-cf">
         <path>C:\ti\ccsv7\tools\compiler\ti-cgt-arm_17.9.0.STS\lib\</path>
         <kind>archive</kind>
         <file>rtsv7M4_T_le_v4SPD16_eabi.lib</file>
         <name>exit.obj</name>
      </input_file>
      <input_file id="fl-d0">
         <path>C:\ti\ccsv7\tools\compiler\ti-cgt-arm_17.9.0.STS\lib\</path>
         <kind>archive</kind>
         <file>rtsv7M4_T_le_v4SPD16_eabi.lib</file>
         <name>_lock.obj</name>
      </input_file>
      <input_file id="fl-d1">
         <path>C:\ti\ccsv7\tools\compiler\ti-cgt-arm_17.9.0.STS\lib\</path>
         <kind>archive</kind>
         <file>rtsv7M4_T_le_v4SPD16_eabi.lib</file>
         <name>args_main.obj</name>
      </input_file>
      <input_file id="fl-d2">
         <path>C:\ti\TivaWare_C_Series-2.1.3.156\driverlib\ccs\Debug\</path>
         <kind>archive</kind>
         <file>driverlib.lib</file>
         <name>adc.obj</name>
      </input_file>
      <input_file id="fl-d3">
         <path>C:\ti\TivaWare_C_Series-2.1.3.156\driverlib\ccs\Debug\</path>
         <kind>archive</kind>
         <file>driverlib.lib</file>
         <name>gpio.obj</name>
      </input_file>
      <input_file id="fl-d4">
         <path>C:\ti\TivaWare_C_Series-2.1.3.156\driverlib\ccs\Debug\</path>
         <kind>archive</kind>
         <file>driverlib.lib</file>
         <name>interrupt.obj</name>
      </input_file>
      <input_file id="fl-d5">
         <path>C:\ti\TivaWare_C_Series-2.1.3.156\driverlib\ccs\Debug\</path>
         <kind>archive</kind>
         <file>driverlib.lib</file>
         <name>ssi.obj</name>
      </input_file>
      <input_file id="fl-d6">
         <path>C:\ti\TivaWare_C_Series-2.1.3.156\driverlib\ccs\Debug\</path>
         <kind>archive</kind>
         <file>driverlib.lib</file>
         <name>sysctl.obj</name>
      </input_file>
      <input_file id="fl-d7">
         <path>C:\ti\TivaWare_C_Series-2.1.3.156\driverlib\ccs\Debug\</path>
         <kind>archive</kind>
         <file>driverlib.lib</file>
         <name>timer.obj</name>
      </input_file>
      <input_file id="fl-d8">
         <path>C:\ti\TivaWare_C_Series-2.1.3.156\driverlib\ccs\Debug\</path>
         <kind>archive</kind>
         <file>driverlib.lib</file>
         <name>uart.obj</name>
      </input_file>
      <input_file id="fl-d9">
         <path>C:\ti\TivaWare_C_Series-2.1.3.156\driverlib\ccs\Debug\</path>
         <kind>archive</kind>
         <file>driverlib.lib</file>
         <name>cpu.obj</name>
      </input_file>
   </input_file_list>
   <object_component_list>
      <object_component id="oc-f">
         <name>.intvecs</name>
         <load_address>0x0</load_address>
         <run_address>0x0</run_address>
         <size>0x200</size>
         <input_file_ref idref="fl-7"/>
      </object_component>
      <object_component id="oc-ee">
         <name>.text:PinoutSet</name>
         <load_address>0x200</load_address>
         <run_address>0x200</run_address>
         <size>0x630</size>
         <input_file_ref idref="fl-6"/>
      </object_component>
      <object_component id="oc-213">
         <name>.text:UARTvprintf</name>
         <load_address>0x830</load_address>
         <run_address>0x830</run_address>
         <size>0x208</size>
         <input_file_ref idref="fl-8"/>
      </object_component>
      <object_component id="oc-e8">
         <name>.text:SysCtlClockFreqSet</name>
         <load_address>0xa38</load_address>
         <run_address>0xa38</run_address>
         <size>0x1ec</size>
         <input_file_ref idref="fl-d6"/>
      </object_component>
      <object_component id="oc-241">
         <name>.text:_ZN5Input10ReadInputsEv</name>
         <load_address>0xc24</load_address>
         <run_address>0xc24</run_address>
         <size>0x160</size>
         <input_file_ref idref="fl-2"/>
      </object_component>
      <object_component id="oc-1c6">
         <name>.text:GPIOPadConfigSet</name>
         <load_address>0xd84</load_address>
         <run_address>0xd84</run_address>
         <size>0x132</size>
         <input_file_ref idref="fl-d3"/>
      </object_component>
      <object_component id="oc-31">
         <name>.text:FaultISR</name>
         <load_address>0xeb6</load_address>
         <run_address>0xeb6</run_address>
         <size>0x2</size>
         <input_file_ref idref="fl-7"/>
      </object_component>
      <object_component id="oc-381">
         <name>.text:_ZN7comTest10ParserMessEv</name>
         <load_address>0xeb8</load_address>
         <run_address>0xeb8</run_address>
         <size>0x118</size>
         <input_file_ref idref="fl-4"/>
      </object_component>
      <object_component id="oc-247">
         <name>.text:_ZN5Input7ReadAdcEv</name>
         <load_address>0xfd0</load_address>
         <run_address>0xfd0</run_address>
         <size>0xac</size>
         <input_file_ref idref="fl-2"/>
      </object_component>
      <object_component id="oc-4b">
         <name>.text</name>
         <load_address>0x107c</load_address>
         <run_address>0x107c</run_address>
         <size>0x9c</size>
         <input_file_ref idref="fl-ca"/>
      </object_component>
      <object_component id="oc-af">
         <name>.text:main</name>
         <load_address>0x1118</load_address>
         <run_address>0x1118</run_address>
         <size>0x8c</size>
         <input_file_ref idref="fl-5"/>
      </object_component>
      <object_component id="oc-1e4">
         <name>.text:ADCSequenceStepConfigure</name>
         <load_address>0x11a4</load_address>
         <run_address>0x11a4</run_address>
         <size>0x7a</size>
         <input_file_ref idref="fl-d2"/>
      </object_component>
      <object_component id="oc-37">
         <name>.text:IntDefaultHandler</name>
         <load_address>0x121e</load_address>
         <run_address>0x121e</run_address>
         <size>0x2</size>
         <input_file_ref idref="fl-7"/>
      </object_component>
      <object_component id="oc-203">
         <name>.text:IntEnable</name>
         <load_address>0x1220</load_address>
         <run_address>0x1220</run_address>
         <size>0x68</size>
         <input_file_ref idref="fl-d4"/>
      </object_component>
      <object_component id="oc-1c0">
         <name>.text:UARTStdioConfig</name>
         <load_address>0x1288</load_address>
         <run_address>0x1288</run_address>
         <size>0x68</size>
         <input_file_ref idref="fl-8"/>
      </object_component>
      <object_component id="oc-12">
         <name>.text:decompress:lzss</name>
         <load_address>0x12f0</load_address>
         <run_address>0x12f0</run_address>
         <size>0x68</size>
         <input_file_ref idref="fl-c6"/>
      </object_component>
      <object_component id="oc-40d">
         <name>.text:_ZN7comTest9ParserOutEv</name>
         <load_address>0x1358</load_address>
         <run_address>0x1358</run_address>
         <size>0x62</size>
         <input_file_ref idref="fl-4"/>
      </object_component>
      <object_component id="oc-2b">
         <name>.text:NmiSR</name>
         <load_address>0x13ba</load_address>
         <run_address>0x13ba</run_address>
         <size>0x2</size>
         <input_file_ref idref="fl-7"/>
      </object_component>
      <object_component id="oc-135">
         <name>.text:__TI_auto_init_nobinit</name>
         <load_address>0x13bc</load_address>
         <run_address>0x13bc</run_address>
         <size>0x60</size>
         <input_file_ref idref="fl-cc"/>
      </object_component>
      <object_component id="oc-1de">
         <name>.text:ADCSequenceConfigure</name>
         <load_address>0x141c</load_address>
         <run_address>0x141c</run_address>
         <size>0x58</size>
         <input_file_ref idref="fl-d2"/>
      </object_component>
      <object_component id="oc-419">
         <name>.text:_ZN5Input5AdcOnEcc</name>
         <load_address>0x1474</load_address>
         <run_address>0x1474</run_address>
         <size>0x50</size>
         <input_file_ref idref="fl-2"/>
      </object_component>
      <object_component id="oc-36c">
         <name>.text:UARTwrite</name>
         <load_address>0x14c4</load_address>
         <run_address>0x14c4</run_address>
         <size>0x4c</size>
         <input_file_ref idref="fl-8"/>
      </object_component>
      <object_component id="oc-20b">
         <name>.text:_TimerIntNumberGet</name>
         <load_address>0x1510</load_address>
         <run_address>0x1510</run_address>
         <size>0x4c</size>
         <input_file_ref idref="fl-d7"/>
      </object_component>
      <object_component id="oc-111">
         <name>.text:_Z14UARTIntHandlerv</name>
         <load_address>0x155c</load_address>
         <run_address>0x155c</run_address>
         <size>0x4c</size>
         <input_file_ref idref="fl-5"/>
      </object_component>
      <object_component id="oc-1ba">
         <name>.text:GPIOPinConfigure</name>
         <load_address>0x15a8</load_address>
         <run_address>0x15a8</run_address>
         <size>0x48</size>
         <input_file_ref idref="fl-d3"/>
      </object_component>
      <object_component id="oc-185">
         <name>.text:_SysCtlFrequencyGet</name>
         <load_address>0x15f0</load_address>
         <run_address>0x15f0</run_address>
         <size>0x48</size>
         <input_file_ref idref="fl-d6"/>
      </object_component>
      <object_component id="oc-41f">
         <name>.text:_ZN5Input7AdcSendEc</name>
         <load_address>0x1638</load_address>
         <run_address>0x1638</run_address>
         <size>0x48</size>
         <input_file_ref idref="fl-2"/>
      </object_component>
      <object_component id="oc-1f7">
         <name>.text:_UARTIntNumberGet</name>
         <load_address>0x1680</load_address>
         <run_address>0x1680</run_address>
         <size>0x40</size>
         <input_file_ref idref="fl-d8"/>
      </object_component>
      <object_component id="oc-372">
         <name>.text</name>
         <load_address>0x16c0</load_address>
         <run_address>0x16c0</run_address>
         <size>0x40</size>
         <input_file_ref idref="fl-c3"/>
      </object_component>
      <object_component id="oc-1cc">
         <name>.text:SSIConfigSetExpClk</name>
         <load_address>0x1700</load_address>
         <run_address>0x1700</run_address>
         <size>0x3c</size>
         <input_file_ref idref="fl-d5"/>
      </object_component>
      <object_component id="oc-69">
         <name>.text:_c_int00_noargs</name>
         <load_address>0x173c</load_address>
         <run_address>0x173c</run_address>
         <size>0x38</size>
         <input_file_ref idref="fl-c9"/>
      </object_component>
      <object_component id="oc-1fd">
         <name>.text:IntRegister</name>
         <load_address>0x1774</load_address>
         <run_address>0x1774</run_address>
         <size>0x34</size>
         <input_file_ref idref="fl-d4"/>
      </object_component>
      <object_component id="oc-196">
         <name>.text:SysCtlPeripheralEnable</name>
         <load_address>0x17a8</load_address>
         <run_address>0x17a8</run_address>
         <size>0x34</size>
         <input_file_ref idref="fl-d6"/>
      </object_component>
      <object_component id="oc-407">
         <name>.text</name>
         <load_address>0x17dc</load_address>
         <run_address>0x17dc</run_address>
         <size>0x34</size>
         <input_file_ref idref="fl-c8"/>
      </object_component>
      <object_component id="oc-39c">
         <name>.text:ADCIntStatus</name>
         <load_address>0x1810</load_address>
         <run_address>0x1810</run_address>
         <size>0x2e</size>
         <input_file_ref idref="fl-d2"/>
      </object_component>
      <object_component id="oc-32a">
         <name>.text:GPIODirModeSet</name>
         <load_address>0x183e</load_address>
         <run_address>0x183e</run_address>
         <size>0x2a</size>
         <input_file_ref idref="fl-d3"/>
      </object_component>
      <object_component id="oc-234">
         <name>.text:_ZN7comTest8ReadMessEc</name>
         <load_address>0x1868</load_address>
         <run_address>0x1868</run_address>
         <size>0x26</size>
         <input_file_ref idref="fl-4"/>
      </object_component>
      <object_component id="oc-cd">
         <name>.text:_ZN3PwrC1Ev</name>
         <load_address>0x188e</load_address>
         <run_address>0x188e</run_address>
         <size>0x2</size>
         <input_file_ref idref="fl-3"/>
      </object_component>
      <object_component id="oc-117">
         <name>.text:_Z20TimerIntHandlerInputv</name>
         <load_address>0x1890</load_address>
         <run_address>0x1890</run_address>
         <size>0x24</size>
         <input_file_ref idref="fl-5"/>
      </object_component>
      <object_component id="oc-7b">
         <name>.text:__sti___8_main_cpp_Canal</name>
         <load_address>0x18b4</load_address>
         <run_address>0x18b4</run_address>
         <size>0x24</size>
         <input_file_ref idref="fl-5"/>
      </object_component>
      <object_component id="oc-17f">
         <name>.text:_SysCtlMemTimingGet</name>
         <load_address>0x18d8</load_address>
         <run_address>0x18d8</run_address>
         <size>0x20</size>
         <input_file_ref idref="fl-d6"/>
      </object_component>
      <object_component id="oc-3a2">
         <name>.text:ADCSequenceDataGet</name>
         <load_address>0x18f8</load_address>
         <run_address>0x18f8</run_address>
         <size>0x1e</size>
         <input_file_ref idref="fl-d2"/>
      </object_component>
      <object_component id="oc-100">
         <name>.text:UARTprintf</name>
         <load_address>0x1916</load_address>
         <run_address>0x1916</run_address>
         <size>0x1a</size>
         <input_file_ref idref="fl-8"/>
      </object_component>
      <object_component id="oc-396">
         <name>.text:ADCProcessorTrigger</name>
         <load_address>0x1930</load_address>
         <run_address>0x1930</run_address>
         <size>0x18</size>
         <input_file_ref idref="fl-d2"/>
      </object_component>
      <object_component id="oc-1b4">
         <name>.text:GPIOPinTypeGPIOOutput</name>
         <load_address>0x1948</load_address>
         <run_address>0x1948</run_address>
         <size>0x18</size>
         <input_file_ref idref="fl-d3"/>
      </object_component>
      <object_component id="oc-fa">
         <name>.text:TimerIntRegister</name>
         <load_address>0x1960</load_address>
         <run_address>0x1960</run_address>
         <size>0x18</size>
         <input_file_ref idref="fl-d7"/>
      </object_component>
      <object_component id="oc-f4">
         <name>.text:UARTIntRegister</name>
         <load_address>0x1978</load_address>
         <run_address>0x1978</run_address>
         <size>0x18</size>
         <input_file_ref idref="fl-d8"/>
      </object_component>
      <object_component id="oc-42b">
         <name>.text:_ZN7comTest9ClearMessEv</name>
         <load_address>0x1990</load_address>
         <run_address>0x1990</run_address>
         <size>0x18</size>
         <input_file_ref idref="fl-4"/>
      </object_component>
      <object_component id="oc-425">
         <name>.text:_ZN3Pwr9ParserPwrEPc</name>
         <load_address>0x19a8</load_address>
         <run_address>0x19a8</run_address>
         <size>0x14</size>
         <input_file_ref idref="fl-3"/>
      </object_component>
      <object_component id="oc-1ae">
         <name>.text:GPIOPinTypeADC</name>
         <load_address>0x19bc</load_address>
         <run_address>0x19bc</run_address>
         <size>0x12</size>
         <input_file_ref idref="fl-d3"/>
      </object_component>
      <object_component id="oc-1a2">
         <name>.text:GPIOPinTypeGPIOInput</name>
         <load_address>0x19ce</load_address>
         <run_address>0x19ce</run_address>
         <size>0x12</size>
         <input_file_ref idref="fl-d3"/>
      </object_component>
      <object_component id="oc-1a8">
         <name>.text:GPIOPinTypeSSI</name>
         <load_address>0x19e0</load_address>
         <run_address>0x19e0</run_address>
         <size>0x12</size>
         <input_file_ref idref="fl-d3"/>
      </object_component>
      <object_component id="oc-19c">
         <name>.text:GPIOPinTypeUART</name>
         <load_address>0x19f2</load_address>
         <run_address>0x19f2</run_address>
         <size>0x12</size>
         <input_file_ref idref="fl-d3"/>
      </object_component>
      <object_component id="oc-57">
         <name>.text:decompress:ZI:__TI_zero_init_nomemset</name>
         <load_address>0x1a04</load_address>
         <run_address>0x1a04</run_address>
         <size>0x12</size>
         <input_file_ref idref="fl-c4"/>
      </object_component>
      <object_component id="oc-1ea">
         <name>.text:ADCSequenceEnable</name>
         <load_address>0x1a16</load_address>
         <run_address>0x1a16</run_address>
         <size>0xe</size>
         <input_file_ref idref="fl-d2"/>
      </object_component>
      <object_component id="oc-22e">
         <name>.text:UARTCharGetNonBlocking</name>
         <load_address>0x1a24</load_address>
         <run_address>0x1a24</run_address>
         <size>0xe</size>
         <input_file_ref idref="fl-d8"/>
      </object_component>
      <object_component id="oc-18">
         <name>.text:decompress:none</name>
         <load_address>0x1a32</load_address>
         <run_address>0x1a32</run_address>
         <size>0xe</size>
         <input_file_ref idref="fl-c5"/>
      </object_component>
      <object_component id="oc-1d8">
         <name>.text:ADCReferenceSet</name>
         <load_address>0x1a40</load_address>
         <run_address>0x1a40</run_address>
         <size>0xc</size>
         <input_file_ref idref="fl-d2"/>
      </object_component>
      <object_component id="oc-c7">
         <name>.text:_ZN5InputC1Ev</name>
         <load_address>0x1a4c</load_address>
         <run_address>0x1a4c</run_address>
         <size>0xc</size>
         <input_file_ref idref="fl-2"/>
      </object_component>
      <object_component id="oc-1f0">
         <name>.text:ADCIntClear</name>
         <load_address>0x1a58</load_address>
         <run_address>0x1a58</run_address>
         <size>0xa</size>
         <input_file_ref idref="fl-d2"/>
      </object_component>
      <object_component id="oc-106">
         <name>.text:SSIDataPut</name>
         <load_address>0x1a62</load_address>
         <run_address>0x1a62</run_address>
         <size>0xa</size>
         <input_file_ref idref="fl-d5"/>
      </object_component>
      <object_component id="oc-1d2">
         <name>.text:SSIEnable</name>
         <load_address>0x1a6c</load_address>
         <run_address>0x1a6c</run_address>
         <size>0xa</size>
         <input_file_ref idref="fl-d5"/>
      </object_component>
      <object_component id="oc-389">
         <name>.text:GPIOPinRead</name>
         <load_address>0x1a76</load_address>
         <run_address>0x1a76</run_address>
         <size>0x6</size>
         <input_file_ref idref="fl-d3"/>
      </object_component>
      <object_component id="oc-413">
         <name>.text:GPIOPinWrite</name>
         <load_address>0x1a7c</load_address>
         <run_address>0x1a7c</run_address>
         <size>0x6</size>
         <input_file_ref idref="fl-d3"/>
      </object_component>
      <object_component id="oc-25">
         <name>.text:ResetISR</name>
         <load_address>0x1a82</load_address>
         <run_address>0x1a82</run_address>
         <size>0x6</size>
         <input_file_ref idref="fl-7"/>
      </object_component>
      <object_component id="oc-10c">
         <name>.text:SysCtlDelay</name>
         <load_address>0x1a88</load_address>
         <run_address>0x1a88</run_address>
         <size>0x6</size>
         <input_file_ref idref="fl-d6"/>
      </object_component>
      <object_component id="oc-c1">
         <name>.text:_ZN7comTestC1Ev</name>
         <load_address>0x1a8e</load_address>
         <run_address>0x1a8e</run_address>
         <size>0x6</size>
         <input_file_ref idref="fl-4"/>
      </object_component>
      <object_component id="oc-23b">
         <name>.text:TimerIntClear</name>
         <load_address>0x1a94</load_address>
         <run_address>0x1a94</run_address>
         <size>0x4</size>
         <input_file_ref idref="fl-d7"/>
      </object_component>
      <object_component id="oc-123">
         <name>.text:abort</name>
         <load_address>0x1a98</load_address>
         <run_address>0x1a98</run_address>
         <size>0x4</size>
         <input_file_ref idref="fl-cf"/>
      </object_component>
      <object_component id="oc-a9">
         <name>.text</name>
         <load_address>0x1a9c</load_address>
         <run_address>0x1a9c</run_address>
         <size>0x4</size>
         <input_file_ref idref="fl-cd"/>
      </object_component>
      <object_component id="oc-3fb">
         <name>.text</name>
         <load_address>0x1aa0</load_address>
         <run_address>0x1aa0</run_address>
         <size>0x2</size>
         <input_file_ref idref="fl-c7"/>
      </object_component>
      <object_component id="oc-18e">
         <name>.const:g_pppui32XTALtoVCO</name>
         <load_address>0x1aa4</load_address>
         <run_address>0x1aa4</run_address>
         <size>0x1b0</size>
         <input_file_ref idref="fl-d6"/>
      </object_component>
      <object_component id="oc-336">
         <name>.const:g_pui32GPIOBaseAddrs</name>
         <load_address>0x1c54</load_address>
         <run_address>0x1c54</run_address>
         <size>0x90</size>
         <input_file_ref idref="fl-d3"/>
      </object_component>
      <object_component id="oc-35d">
         <name>.const</name>
         <load_address>0x1ce4</load_address>
         <run_address>0x1ce4</run_address>
         <size>0x70</size>
         <input_file_ref idref="fl-d4"/>
      </object_component>
      <object_component id="oc-18b">
         <name>.const:g_pui32Xtals</name>
         <load_address>0x1d54</load_address>
         <run_address>0x1d54</run_address>
         <size>0x6c</size>
         <input_file_ref idref="fl-d6"/>
      </object_component>
      <object_component id="oc-363">
         <name>.const:g_ppui32TimerIntMap</name>
         <load_address>0x1dc0</load_address>
         <run_address>0x1dc0</run_address>
         <size>0x60</size>
         <input_file_ref idref="fl-d7"/>
      </object_component>
      <object_component id="oc-366">
         <name>.const:g_ppui32TimerIntMapSnowflake</name>
         <load_address>0x1e20</load_address>
         <run_address>0x1e20</run_address>
         <size>0x40</size>
         <input_file_ref idref="fl-d7"/>
      </object_component>
      <object_component id="oc-351">
         <name>.const:g_ppui32UARTIntMap</name>
         <load_address>0x1e60</load_address>
         <run_address>0x1e60</run_address>
         <size>0x40</size>
         <input_file_ref idref="fl-d8"/>
      </object_component>
      <object_component id="oc-354">
         <name>.const:g_ppui32UARTIntMapSnowflake</name>
         <load_address>0x1ea0</load_address>
         <run_address>0x1ea0</run_address>
         <size>0x40</size>
         <input_file_ref idref="fl-d8"/>
      </object_component>
      <object_component id="oc-317">
         <name>.const:g_sXTALtoMEMTIM</name>
         <load_address>0x1ee0</load_address>
         <run_address>0x1ee0</run_address>
         <size>0x30</size>
         <input_file_ref idref="fl-d6"/>
      </object_component>
      <object_component id="oc-402">
         <name>.const:.string</name>
         <load_address>0x1f10</load_address>
         <run_address>0x1f10</run_address>
         <size>0x12</size>
         <input_file_ref idref="fl-8"/>
      </object_component>
      <object_component id="oc-343">
         <name>.const:g_ui32UARTBase</name>
         <load_address>0x1f24</load_address>
         <run_address>0x1f24</run_address>
         <size>0xc</size>
         <input_file_ref idref="fl-8"/>
      </object_component>
      <object_component id="oc-33a">
         <name>.const:g_ui32UARTPeriph</name>
         <load_address>0x1f30</load_address>
         <run_address>0x1f30</run_address>
         <size>0xc</size>
         <input_file_ref idref="fl-8"/>
      </object_component>
      <object_component id="oc-191">
         <name>.const</name>
         <load_address>0x1f3c</load_address>
         <run_address>0x1f3c</run_address>
         <size>0x8</size>
         <input_file_ref idref="fl-d6"/>
      </object_component>
      <object_component id="oc-437">
         <name>.const:.string:adc</name>
         <load_address>0x1f44</load_address>
         <run_address>0x1f44</run_address>
         <size>0x4</size>
         <input_file_ref idref="fl-4"/>
      </object_component>
      <object_component id="oc-43a">
         <name>.const:.string:gps</name>
         <load_address>0x1f48</load_address>
         <run_address>0x1f48</run_address>
         <size>0x4</size>
         <input_file_ref idref="fl-4"/>
      </object_component>
      <object_component id="oc-431">
         <name>.const:.string:out</name>
         <load_address>0x1f4c</load_address>
         <run_address>0x1f4c</run_address>
         <size>0x4</size>
         <input_file_ref idref="fl-4"/>
      </object_component>
      <object_component id="oc-43d">
         <name>.const:.string:pwr</name>
         <load_address>0x1f50</load_address>
         <run_address>0x1f50</run_address>
         <size>0x4</size>
         <input_file_ref idref="fl-4"/>
      </object_component>
      <object_component id="oc-377">
         <name>.const</name>
         <load_address>0x1f54</load_address>
         <run_address>0x1f54</run_address>
         <size>0x4</size>
         <input_file_ref idref="fl-8"/>
      </object_component>
      <object_component id="oc-494">
         <name>.cinit..data.load</name>
         <load_address>0x1f60</load_address>
         <run_address>0x1f60</run_address>
         <size>0xde</size>
      </object_component>
      <object_component id="oc-491">
         <name>__TI_handler_table</name>
         <load_address>0x2040</load_address>
         <run_address>0x2040</run_address>
         <size>0xc</size>
      </object_component>
      <object_component id="oc-495">
         <name>.cinit..bss.load</name>
         <load_address>0x2050</load_address>
         <run_address>0x2050</run_address>
         <size>0x8</size>
      </object_component>
      <object_component id="oc-493">
         <name>.cinit..vtable.load</name>
         <load_address>0x2058</load_address>
         <run_address>0x2058</run_address>
         <size>0x8</size>
      </object_component>
      <object_component id="oc-492">
         <name>__TI_cinit_table</name>
         <load_address>0x2060</load_address>
         <run_address>0x2060</run_address>
         <size>0x18</size>
      </object_component>
      <object_component id="oc-21">
         <name>.init_array</name>
         <load_address>0x1f58</load_address>
         <run_address>0x1f58</run_address>
         <size>0x4</size>
         <input_file_ref idref="fl-5"/>
      </object_component>
      <object_component id="oc-496">
         <name>SHT$$INIT_ARRAY$$Limit</name>
         <load_address>0x1f5c</load_address>
         <run_address>0x1f5c</run_address>
         <size>0x0</size>
      </object_component>
      <object_component id="oc-358">
         <name>.vtable</name>
         <uninitialized>true</uninitialized>
         <run_address>0x20000000</run_address>
         <size>0x26c</size>
         <input_file_ref idref="fl-d4"/>
      </object_component>
      <object_component id="oc-392">
         <name>.data:InputStateTab</name>
         <load_address>0x2000026c</load_address>
         <run_address>0x2000026c</run_address>
         <size>0x1b0</size>
         <input_file_ref idref="fl-2"/>
      </object_component>
      <object_component id="oc-3a8">
         <name>.data:AdcStateTab</name>
         <load_address>0x200004a0</load_address>
         <run_address>0x200004a0</run_address>
         <size>0x30</size>
         <input_file_ref idref="fl-2"/>
      </object_component>
      <object_component id="oc-38f">
         <name>.data</name>
         <load_address>0x200004d8</load_address>
         <run_address>0x200004d8</run_address>
         <size>0x4</size>
         <input_file_ref idref="fl-2"/>
      </object_component>
      <object_component id="oc-434">
         <name>.data:ParamOutTab</name>
         <load_address>0x2000041c</load_address>
         <run_address>0x2000041c</run_address>
         <size>0x84</size>
         <input_file_ref idref="fl-4"/>
      </object_component>
      <object_component id="oc-33d">
         <name>.data</name>
         <load_address>0x200004d0</load_address>
         <run_address>0x200004d0</run_address>
         <size>0x5</size>
         <input_file_ref idref="fl-8"/>
      </object_component>
      <object_component id="oc-d6">
         <name>.bss:Canal</name>
         <uninitialized>true</uninitialized>
         <run_address>0x200005e0</run_address>
         <size>0x78</size>
         <input_file_ref idref="fl-5"/>
      </object_component>
      <object_component id="oc-d9">
         <name>.bss:Inputs</name>
         <uninitialized>true</uninitialized>
         <run_address>0x20000658</run_address>
         <size>0x2c</size>
         <input_file_ref idref="fl-5"/>
      </object_component>
      <object_component id="oc-d3">
         <name>.bss:Pwrrr</name>
         <uninitialized>true</uninitialized>
         <run_address>0x20000688</run_address>
         <size>0x1</size>
         <input_file_ref idref="fl-5"/>
      </object_component>
      <object_component id="oc-10d">
         <name>.common:g_ui32SysClock</name>
         <uninitialized>true</uninitialized>
         <run_address>0x20000684</run_address>
         <size>0x4</size>
      </object_component>
      <object_component id="oc-22">
         <name>.stack</name>
         <uninitialized>true</uninitialized>
         <run_address>0x200004e0</run_address>
         <size>0x4</size>
         <input_file_ref idref="fl-c9"/>
      </object_component>
      <object_component id="oc-497">
         <name>.stack</name>
         <uninitialized>true</uninitialized>
         <run_address>0x200004e0</run_address>
         <size>0x0</size>
      </object_component>
      <object_component id="oc-16f">
         <name>.debug_info</name>
         <load_address>0x0</load_address>
         <run_address>0x0</run_address>
         <size>0x4aa</size>
         <input_file_ref idref="fl-2"/>
      </object_component>
      <object_component id="oc-393">
         <name>.debug_info</name>
         <load_address>0x4aa</load_address>
         <run_address>0x4aa</run_address>
         <size>0xd0</size>
         <input_file_ref idref="fl-2"/>
      </object_component>
      <object_component id="oc-3a9">
         <name>.debug_info</name>
         <load_address>0x57a</load_address>
         <run_address>0x57a</run_address>
         <size>0xcc</size>
         <input_file_ref idref="fl-2"/>
      </object_component>
      <object_component id="oc-390">
         <name>.debug_info</name>
         <load_address>0x646</load_address>
         <run_address>0x646</run_address>
         <size>0xd0</size>
         <input_file_ref idref="fl-2"/>
      </object_component>
      <object_component id="oc-c8">
         <name>.debug_info</name>
         <load_address>0x716</load_address>
         <run_address>0x716</run_address>
         <size>0x11d</size>
         <input_file_ref idref="fl-2"/>
      </object_component>
      <object_component id="oc-248">
         <name>.debug_info</name>
         <load_address>0x833</load_address>
         <run_address>0x833</run_address>
         <size>0x199</size>
         <input_file_ref idref="fl-2"/>
      </object_component>
      <object_component id="oc-420">
         <name>.debug_info</name>
         <load_address>0x9cc</load_address>
         <run_address>0x9cc</run_address>
         <size>0x14a</size>
         <input_file_ref idref="fl-2"/>
      </object_component>
      <object_component id="oc-41a">
         <name>.debug_info</name>
         <load_address>0xb16</load_address>
         <run_address>0xb16</run_address>
         <size>0x16d</size>
         <input_file_ref idref="fl-2"/>
      </object_component>
      <object_component id="oc-242">
         <name>.debug_info</name>
         <load_address>0xc83</load_address>
         <run_address>0xc83</run_address>
         <size>0x170</size>
         <input_file_ref idref="fl-2"/>
      </object_component>
      <object_component id="oc-16a">
         <name>.debug_info</name>
         <load_address>0xdf3</load_address>
         <run_address>0xdf3</run_address>
         <size>0x211</size>
         <input_file_ref idref="fl-2"/>
      </object_component>
      <object_component id="oc-11e">
         <name>.debug_info</name>
         <load_address>0x1004</load_address>
         <run_address>0x1004</run_address>
         <size>0x8b</size>
         <input_file_ref idref="fl-2"/>
      </object_component>
      <object_component id="oc-224">
         <name>.debug_info</name>
         <load_address>0x108f</load_address>
         <run_address>0x108f</run_address>
         <size>0x18b</size>
         <input_file_ref idref="fl-2"/>
      </object_component>
      <object_component id="oc-2c9">
         <name>.debug_info</name>
         <load_address>0x121a</load_address>
         <run_address>0x121a</run_address>
         <size>0x2c</size>
         <input_file_ref idref="fl-2"/>
      </object_component>
      <object_component id="oc-229">
         <name>.debug_info</name>
         <load_address>0x1246</load_address>
         <run_address>0x1246</run_address>
         <size>0x67</size>
         <input_file_ref idref="fl-2"/>
      </object_component>
      <object_component id="oc-177">
         <name>.debug_info</name>
         <load_address>0x12ad</load_address>
         <run_address>0x12ad</run_address>
         <size>0x5616</size>
         <input_file_ref idref="fl-3"/>
      </object_component>
      <object_component id="oc-ce">
         <name>.debug_info</name>
         <load_address>0x68c3</load_address>
         <run_address>0x68c3</run_address>
         <size>0x102</size>
         <input_file_ref idref="fl-3"/>
      </object_component>
      <object_component id="oc-426">
         <name>.debug_info</name>
         <load_address>0x69c5</load_address>
         <run_address>0x69c5</run_address>
         <size>0x147</size>
         <input_file_ref idref="fl-3"/>
      </object_component>
      <object_component id="oc-2a1">
         <name>.debug_info</name>
         <load_address>0x6b0c</load_address>
         <run_address>0x6b0c</run_address>
         <size>0x4f6</size>
         <input_file_ref idref="fl-3"/>
      </object_component>
      <object_component id="oc-2ce">
         <name>.debug_info</name>
         <load_address>0x7002</load_address>
         <run_address>0x7002</run_address>
         <size>0xd0a</size>
         <input_file_ref idref="fl-3"/>
      </object_component>
      <object_component id="oc-27f">
         <name>.debug_info</name>
         <load_address>0x7d0c</load_address>
         <run_address>0x7d0c</run_address>
         <size>0xa11</size>
         <input_file_ref idref="fl-3"/>
      </object_component>
      <object_component id="oc-2bf">
         <name>.debug_info</name>
         <load_address>0x871d</load_address>
         <run_address>0x871d</run_address>
         <size>0xee</size>
         <input_file_ref idref="fl-3"/>
      </object_component>
      <object_component id="oc-2c4">
         <name>.debug_info</name>
         <load_address>0x880b</load_address>
         <run_address>0x880b</run_address>
         <size>0x395</size>
         <input_file_ref idref="fl-3"/>
      </object_component>
      <object_component id="oc-270">
         <name>.debug_info</name>
         <load_address>0x8ba0</load_address>
         <run_address>0x8ba0</run_address>
         <size>0xd8</size>
         <input_file_ref idref="fl-3"/>
      </object_component>
      <object_component id="oc-275">
         <name>.debug_info</name>
         <load_address>0x8c78</load_address>
         <run_address>0x8c78</run_address>
         <size>0x80f</size>
         <input_file_ref idref="fl-3"/>
      </object_component>
      <object_component id="oc-172">
         <name>.debug_info</name>
         <load_address>0x9487</load_address>
         <run_address>0x9487</run_address>
         <size>0x137</size>
         <input_file_ref idref="fl-3"/>
      </object_component>
      <object_component id="oc-27a">
         <name>.debug_info</name>
         <load_address>0x95be</load_address>
         <run_address>0x95be</run_address>
         <size>0x2a3</size>
         <input_file_ref idref="fl-3"/>
      </object_component>
      <object_component id="oc-284">
         <name>.debug_info</name>
         <load_address>0x9861</load_address>
         <run_address>0x9861</run_address>
         <size>0x3908</size>
         <input_file_ref idref="fl-3"/>
      </object_component>
      <object_component id="oc-289">
         <name>.debug_info</name>
         <load_address>0xd169</load_address>
         <run_address>0xd169</run_address>
         <size>0xc1</size>
         <input_file_ref idref="fl-3"/>
      </object_component>
      <object_component id="oc-28e">
         <name>.debug_info</name>
         <load_address>0xd22a</load_address>
         <run_address>0xd22a</run_address>
         <size>0x12cf</size>
         <input_file_ref idref="fl-3"/>
      </object_component>
      <object_component id="oc-293">
         <name>.debug_info</name>
         <load_address>0xe4f9</load_address>
         <run_address>0xe4f9</run_address>
         <size>0xc1b</size>
         <input_file_ref idref="fl-3"/>
      </object_component>
      <object_component id="oc-298">
         <name>.debug_info</name>
         <load_address>0xf114</load_address>
         <run_address>0xf114</run_address>
         <size>0x5e</size>
         <input_file_ref idref="fl-3"/>
      </object_component>
      <object_component id="oc-29c">
         <name>.debug_info</name>
         <load_address>0xf172</load_address>
         <run_address>0xf172</run_address>
         <size>0x374</size>
         <input_file_ref idref="fl-3"/>
      </object_component>
      <object_component id="oc-2a6">
         <name>.debug_info</name>
         <load_address>0xf4e6</load_address>
         <run_address>0xf4e6</run_address>
         <size>0x46</size>
         <input_file_ref idref="fl-3"/>
      </object_component>
      <object_component id="oc-2ab">
         <name>.debug_info</name>
         <load_address>0xf52c</load_address>
         <run_address>0xf52c</run_address>
         <size>0x9a1</size>
         <input_file_ref idref="fl-3"/>
      </object_component>
      <object_component id="oc-2b0">
         <name>.debug_info</name>
         <load_address>0xfecd</load_address>
         <run_address>0xfecd</run_address>
         <size>0x21fe</size>
         <input_file_ref idref="fl-3"/>
      </object_component>
      <object_component id="oc-2b5">
         <name>.debug_info</name>
         <load_address>0x120cb</load_address>
         <run_address>0x120cb</run_address>
         <size>0x519</size>
         <input_file_ref idref="fl-3"/>
      </object_component>
      <object_component id="oc-2ba">
         <name>.debug_info</name>
         <load_address>0x125e4</load_address>
         <run_address>0x125e4</run_address>
         <size>0x1e7b</size>
         <input_file_ref idref="fl-3"/>
      </object_component>
      <object_component id="oc-304">
         <name>.debug_info</name>
         <load_address>0x1445f</load_address>
         <run_address>0x1445f</run_address>
         <size>0x545</size>
         <input_file_ref idref="fl-3"/>
      </object_component>
      <object_component id="oc-46">
         <name>.debug_info</name>
         <load_address>0x149a4</load_address>
         <run_address>0x149a4</run_address>
         <size>0x84</size>
         <input_file_ref idref="fl-3"/>
      </object_component>
      <object_component id="oc-2fb">
         <name>.debug_info</name>
         <load_address>0x14a28</load_address>
         <run_address>0x14a28</run_address>
         <size>0x14d</size>
         <input_file_ref idref="fl-3"/>
      </object_component>
      <object_component id="oc-2ec">
         <name>.debug_info</name>
         <load_address>0x14b75</load_address>
         <run_address>0x14b75</run_address>
         <size>0x14e</size>
         <input_file_ref idref="fl-3"/>
      </object_component>
      <object_component id="oc-2f1">
         <name>.debug_info</name>
         <load_address>0x14cc3</load_address>
         <run_address>0x14cc3</run_address>
         <size>0x14a</size>
         <input_file_ref idref="fl-3"/>
      </object_component>
      <object_component id="oc-2f6">
         <name>.debug_info</name>
         <load_address>0x14e0d</load_address>
         <run_address>0x14e0d</run_address>
         <size>0x18a</size>
         <input_file_ref idref="fl-3"/>
      </object_component>
      <object_component id="oc-2e2">
         <name>.debug_info</name>
         <load_address>0x14f97</load_address>
         <run_address>0x14f97</run_address>
         <size>0x6b5</size>
         <input_file_ref idref="fl-3"/>
      </object_component>
      <object_component id="oc-3d6">
         <name>.debug_info</name>
         <load_address>0x1564c</load_address>
         <run_address>0x1564c</run_address>
         <size>0x4f</size>
         <input_file_ref idref="fl-3"/>
      </object_component>
      <object_component id="oc-2d8">
         <name>.debug_info</name>
         <load_address>0x1569b</load_address>
         <run_address>0x1569b</run_address>
         <size>0x60</size>
         <input_file_ref idref="fl-3"/>
      </object_component>
      <object_component id="oc-3cd">
         <name>.debug_info</name>
         <load_address>0x156fb</load_address>
         <run_address>0x156fb</run_address>
         <size>0x2c</size>
         <input_file_ref idref="fl-3"/>
      </object_component>
      <object_component id="oc-30e">
         <name>.debug_info</name>
         <load_address>0x15727</load_address>
         <run_address>0x15727</run_address>
         <size>0x60</size>
         <input_file_ref idref="fl-3"/>
      </object_component>
      <object_component id="oc-2dd">
         <name>.debug_info</name>
         <load_address>0x15787</load_address>
         <run_address>0x15787</run_address>
         <size>0xdd</size>
         <input_file_ref idref="fl-3"/>
      </object_component>
      <object_component id="oc-2d3">
         <name>.debug_info</name>
         <load_address>0x15864</load_address>
         <run_address>0x15864</run_address>
         <size>0x38b</size>
         <input_file_ref idref="fl-3"/>
      </object_component>
      <object_component id="oc-2e7">
         <name>.debug_info</name>
         <load_address>0x15bef</load_address>
         <run_address>0x15bef</run_address>
         <size>0x3ee</size>
         <input_file_ref idref="fl-3"/>
      </object_component>
      <object_component id="oc-300">
         <name>.debug_info</name>
         <load_address>0x15fdd</load_address>
         <run_address>0x15fdd</run_address>
         <size>0x28</size>
         <input_file_ref idref="fl-3"/>
      </object_component>
      <object_component id="oc-3d2">
         <name>.debug_info</name>
         <load_address>0x16005</load_address>
         <run_address>0x16005</run_address>
         <size>0x43</size>
         <input_file_ref idref="fl-3"/>
      </object_component>
      <object_component id="oc-309">
         <name>.debug_info</name>
         <load_address>0x16048</load_address>
         <run_address>0x16048</run_address>
         <size>0xf5</size>
         <input_file_ref idref="fl-3"/>
      </object_component>
      <object_component id="oc-167">
         <name>.debug_info</name>
         <load_address>0x1613d</load_address>
         <run_address>0x1613d</run_address>
         <size>0x5837</size>
         <input_file_ref idref="fl-4"/>
      </object_component>
      <object_component id="oc-432">
         <name>.debug_info</name>
         <load_address>0x1b974</load_address>
         <run_address>0x1b974</run_address>
         <size>0xbd</size>
         <input_file_ref idref="fl-4"/>
      </object_component>
      <object_component id="oc-438">
         <name>.debug_info</name>
         <load_address>0x1ba31</load_address>
         <run_address>0x1ba31</run_address>
         <size>0xbd</size>
         <input_file_ref idref="fl-4"/>
      </object_component>
      <object_component id="oc-43b">
         <name>.debug_info</name>
         <load_address>0x1baee</load_address>
         <run_address>0x1baee</run_address>
         <size>0xbd</size>
         <input_file_ref idref="fl-4"/>
      </object_component>
      <object_component id="oc-43e">
         <name>.debug_info</name>
         <load_address>0x1bbab</load_address>
         <run_address>0x1bbab</run_address>
         <size>0xbd</size>
         <input_file_ref idref="fl-4"/>
      </object_component>
      <object_component id="oc-435">
         <name>.debug_info</name>
         <load_address>0x1bc68</load_address>
         <run_address>0x1bc68</run_address>
         <size>0xce</size>
         <input_file_ref idref="fl-4"/>
      </object_component>
      <object_component id="oc-c2">
         <name>.debug_info</name>
         <load_address>0x1bd36</load_address>
         <run_address>0x1bd36</run_address>
         <size>0x127</size>
         <input_file_ref idref="fl-4"/>
      </object_component>
      <object_component id="oc-40e">
         <name>.debug_info</name>
         <load_address>0x1be5d</load_address>
         <run_address>0x1be5d</run_address>
         <size>0x15e</size>
         <input_file_ref idref="fl-4"/>
      </object_component>
      <object_component id="oc-42c">
         <name>.debug_info</name>
         <load_address>0x1bfbb</load_address>
         <run_address>0x1bfbb</run_address>
         <size>0x13c</size>
         <input_file_ref idref="fl-4"/>
      </object_component>
      <object_component id="oc-382">
         <name>.debug_info</name>
         <load_address>0x1c0f7</load_address>
         <run_address>0x1c0f7</run_address>
         <size>0x249</size>
         <input_file_ref idref="fl-4"/>
      </object_component>
      <object_component id="oc-235">
         <name>.debug_info</name>
         <load_address>0x1c340</load_address>
         <run_address>0x1c340</run_address>
         <size>0x165</size>
         <input_file_ref idref="fl-4"/>
      </object_component>
      <object_component id="oc-162">
         <name>.debug_info</name>
         <load_address>0x1c4a5</load_address>
         <run_address>0x1c4a5</run_address>
         <size>0x1c4</size>
         <input_file_ref idref="fl-4"/>
      </object_component>
      <object_component id="oc-10e">
         <name>.debug_info</name>
         <load_address>0x1c669</load_address>
         <run_address>0x1c669</run_address>
         <size>0x6fe</size>
         <input_file_ref idref="fl-5"/>
      </object_component>
      <object_component id="oc-d7">
         <name>.debug_info</name>
         <load_address>0x1cd67</load_address>
         <run_address>0x1cd67</run_address>
         <size>0xbf</size>
         <input_file_ref idref="fl-5"/>
      </object_component>
      <object_component id="oc-da">
         <name>.debug_info</name>
         <load_address>0x1ce26</load_address>
         <run_address>0x1ce26</run_address>
         <size>0xc1</size>
         <input_file_ref idref="fl-5"/>
      </object_component>
      <object_component id="oc-d4">
         <name>.debug_info</name>
         <load_address>0x1cee7</load_address>
         <run_address>0x1cee7</run_address>
         <size>0xbf</size>
         <input_file_ref idref="fl-5"/>
      </object_component>
      <object_component id="oc-118">
         <name>.debug_info</name>
         <load_address>0x1cfa6</load_address>
         <run_address>0x1cfa6</run_address>
         <size>0x15c</size>
         <input_file_ref idref="fl-5"/>
      </object_component>
      <object_component id="oc-112">
         <name>.debug_info</name>
         <load_address>0x1d102</load_address>
         <run_address>0x1d102</run_address>
         <size>0x170</size>
         <input_file_ref idref="fl-5"/>
      </object_component>
      <object_component id="oc-b0">
         <name>.debug_info</name>
         <load_address>0x1d272</load_address>
         <run_address>0x1d272</run_address>
         <size>0x181</size>
         <input_file_ref idref="fl-5"/>
      </object_component>
      <object_component id="oc-7c">
         <name>.debug_info</name>
         <load_address>0x1d3f3</load_address>
         <run_address>0x1d3f3</run_address>
         <size>0x130</size>
         <input_file_ref idref="fl-5"/>
      </object_component>
      <object_component id="oc-37d">
         <name>.debug_info</name>
         <load_address>0x1d523</load_address>
         <run_address>0x1d523</run_address>
         <size>0x61f</size>
         <input_file_ref idref="fl-6"/>
      </object_component>
      <object_component id="oc-ef">
         <name>.debug_info</name>
         <load_address>0x1db42</load_address>
         <run_address>0x1db42</run_address>
         <size>0xc14</size>
         <input_file_ref idref="fl-6"/>
      </object_component>
      <object_component id="oc-89">
         <name>.debug_info</name>
         <load_address>0x1e756</load_address>
         <run_address>0x1e756</run_address>
         <size>0x18b</size>
         <input_file_ref idref="fl-6"/>
      </object_component>
      <object_component id="oc-21b">
         <name>.debug_info</name>
         <load_address>0x1e8e1</load_address>
         <run_address>0x1e8e1</run_address>
         <size>0x4e</size>
         <input_file_ref idref="fl-6"/>
      </object_component>
      <object_component id="oc-3f">
         <name>.debug_info</name>
         <load_address>0x1e92f</load_address>
         <run_address>0x1e92f</run_address>
         <size>0x281</size>
         <input_file_ref idref="fl-7"/>
      </object_component>
      <object_component id="oc-10">
         <name>.debug_info</name>
         <load_address>0x1ebb0</load_address>
         <run_address>0x1ebb0</run_address>
         <size>0xd2</size>
         <input_file_ref idref="fl-7"/>
      </object_component>
      <object_component id="oc-26">
         <name>.debug_info</name>
         <load_address>0x1ec82</load_address>
         <run_address>0x1ec82</run_address>
         <size>0x102</size>
         <input_file_ref idref="fl-7"/>
      </object_component>
      <object_component id="oc-2c">
         <name>.debug_info</name>
         <load_address>0x1ed84</load_address>
         <run_address>0x1ed84</run_address>
         <size>0xf0</size>
         <input_file_ref idref="fl-7"/>
      </object_component>
      <object_component id="oc-38">
         <name>.debug_info</name>
         <load_address>0x1ee74</load_address>
         <run_address>0x1ee74</run_address>
         <size>0x10b</size>
         <input_file_ref idref="fl-7"/>
      </object_component>
      <object_component id="oc-32">
         <name>.debug_info</name>
         <load_address>0x1ef7f</load_address>
         <run_address>0x1ef7f</run_address>
         <size>0xf7</size>
         <input_file_ref idref="fl-7"/>
      </object_component>
      <object_component id="oc-21a">
         <name>.debug_info</name>
         <load_address>0x1f076</load_address>
         <run_address>0x1f076</run_address>
         <size>0x27e</size>
         <input_file_ref idref="fl-8"/>
      </object_component>
      <object_component id="oc-33e">
         <name>.debug_info</name>
         <load_address>0x1f2f4</load_address>
         <run_address>0x1f2f4</run_address>
         <size>0xcb</size>
         <input_file_ref idref="fl-8"/>
      </object_component>
      <object_component id="oc-378">
         <name>.debug_info</name>
         <load_address>0x1f3bf</load_address>
         <run_address>0x1f3bf</run_address>
         <size>0xc5</size>
         <input_file_ref idref="fl-8"/>
      </object_component>
      <object_component id="oc-344">
         <name>.debug_info</name>
         <load_address>0x1f484</load_address>
         <run_address>0x1f484</run_address>
         <size>0xd3</size>
         <input_file_ref idref="fl-8"/>
      </object_component>
      <object_component id="oc-33b">
         <name>.debug_info</name>
         <load_address>0x1f557</load_address>
         <run_address>0x1f557</run_address>
         <size>0xd7</size>
         <input_file_ref idref="fl-8"/>
      </object_component>
      <object_component id="oc-36d">
         <name>.debug_info</name>
         <load_address>0x1f62e</load_address>
         <run_address>0x1f62e</run_address>
         <size>0x178</size>
         <input_file_ref idref="fl-8"/>
      </object_component>
      <object_component id="oc-214">
         <name>.debug_info</name>
         <load_address>0x1f7a6</load_address>
         <run_address>0x1f7a6</run_address>
         <size>0x2ac</size>
         <input_file_ref idref="fl-8"/>
      </object_component>
      <object_component id="oc-101">
         <name>.debug_info</name>
         <load_address>0x1fa52</load_address>
         <run_address>0x1fa52</run_address>
         <size>0x145</size>
         <input_file_ref idref="fl-8"/>
      </object_component>
      <object_component id="oc-340">
         <name>.debug_info</name>
         <load_address>0x1fb97</load_address>
         <run_address>0x1fb97</run_address>
         <size>0x1d6</size>
         <input_file_ref idref="fl-8"/>
      </object_component>
      <object_component id="oc-1c1">
         <name>.debug_info</name>
         <load_address>0x1fd6d</load_address>
         <run_address>0x1fd6d</run_address>
         <size>0x1db</size>
         <input_file_ref idref="fl-8"/>
      </object_component>
      <object_component id="oc-375">
         <name>.debug_info</name>
         <load_address>0x1ff48</load_address>
         <run_address>0x1ff48</run_address>
         <size>0x13a</size>
         <input_file_ref idref="fl-c3"/>
      </object_component>
      <object_component id="oc-a2">
         <name>.debug_info</name>
         <load_address>0x20082</load_address>
         <run_address>0x20082</run_address>
         <size>0x2c9</size>
         <input_file_ref idref="fl-c4"/>
      </object_component>
      <object_component id="oc-5b">
         <name>.debug_info</name>
         <load_address>0x2034b</load_address>
         <run_address>0x2034b</run_address>
         <size>0x1b4</size>
         <input_file_ref idref="fl-c4"/>
      </object_component>
      <object_component id="oc-9d">
         <name>.debug_info</name>
         <load_address>0x204ff</load_address>
         <run_address>0x204ff</run_address>
         <size>0x46</size>
         <input_file_ref idref="fl-c4"/>
      </object_component>
      <object_component id="oc-df">
         <name>.debug_info</name>
         <load_address>0x20545</load_address>
         <run_address>0x20545</run_address>
         <size>0x2c</size>
         <input_file_ref idref="fl-c4"/>
      </object_component>
      <object_component id="oc-56">
         <name>.debug_info</name>
         <load_address>0x20571</load_address>
         <run_address>0x20571</run_address>
         <size>0x2e4</size>
         <input_file_ref idref="fl-c5"/>
      </object_component>
      <object_component id="oc-1c">
         <name>.debug_info</name>
         <load_address>0x20855</load_address>
         <run_address>0x20855</run_address>
         <size>0x1df</size>
         <input_file_ref idref="fl-c5"/>
      </object_component>
      <object_component id="oc-51">
         <name>.debug_info</name>
         <load_address>0x20a34</load_address>
         <run_address>0x20a34</run_address>
         <size>0x46</size>
         <input_file_ref idref="fl-c5"/>
      </object_component>
      <object_component id="oc-95">
         <name>.debug_info</name>
         <load_address>0x20a7a</load_address>
         <run_address>0x20a7a</run_address>
         <size>0x2c</size>
         <input_file_ref idref="fl-c5"/>
      </object_component>
      <object_component id="oc-93">
         <name>.debug_info</name>
         <load_address>0x20aa6</load_address>
         <run_address>0x20aa6</run_address>
         <size>0x293</size>
         <input_file_ref idref="fl-c6"/>
      </object_component>
      <object_component id="oc-16">
         <name>.debug_info</name>
         <load_address>0x20d39</load_address>
         <run_address>0x20d39</run_address>
         <size>0x245</size>
         <input_file_ref idref="fl-c6"/>
      </object_component>
      <object_component id="oc-41">
         <name>.debug_info</name>
         <load_address>0x20f7e</load_address>
         <run_address>0x20f7e</run_address>
         <size>0x60</size>
         <input_file_ref idref="fl-c6"/>
      </object_component>
      <object_component id="oc-8e">
         <name>.debug_info</name>
         <load_address>0x20fde</load_address>
         <run_address>0x20fde</run_address>
         <size>0x46</size>
         <input_file_ref idref="fl-c6"/>
      </object_component>
      <object_component id="oc-3ff">
         <name>.debug_info</name>
         <load_address>0x21024</load_address>
         <run_address>0x21024</run_address>
         <size>0x147</size>
         <input_file_ref idref="fl-c7"/>
      </object_component>
      <object_component id="oc-457">
         <name>.debug_info</name>
         <load_address>0x2116b</load_address>
         <run_address>0x2116b</run_address>
         <size>0x28a</size>
         <input_file_ref idref="fl-c8"/>
      </object_component>
      <object_component id="oc-40a">
         <name>.debug_info</name>
         <load_address>0x213f5</load_address>
         <run_address>0x213f5</run_address>
         <size>0x1c6</size>
         <input_file_ref idref="fl-c8"/>
      </object_component>
      <object_component id="oc-23">
         <name>.debug_info</name>
         <load_address>0x215bb</load_address>
         <run_address>0x215bb</run_address>
         <size>0x100</size>
         <input_file_ref idref="fl-c9"/>
      </object_component>
      <object_component id="oc-6d">
         <name>.debug_info</name>
         <load_address>0x216bb</load_address>
         <run_address>0x216bb</run_address>
         <size>0x1a4</size>
         <input_file_ref idref="fl-c9"/>
      </object_component>
      <object_component id="oc-4e">
         <name>.debug_info</name>
         <load_address>0x2185f</load_address>
         <run_address>0x2185f</run_address>
         <size>0x111</size>
         <input_file_ref idref="fl-ca"/>
      </object_component>
      <object_component id="oc-259">
         <name>.debug_info</name>
         <load_address>0x21970</load_address>
         <run_address>0x21970</run_address>
         <size>0x4a8</size>
         <input_file_ref idref="fl-cc"/>
      </object_component>
      <object_component id="oc-136">
         <name>.debug_info</name>
         <load_address>0x21e18</load_address>
         <run_address>0x21e18</run_address>
         <size>0x192</size>
         <input_file_ref idref="fl-cc"/>
      </object_component>
      <object_component id="oc-3bc">
         <name>.debug_info</name>
         <load_address>0x21faa</load_address>
         <run_address>0x21faa</run_address>
         <size>0x39</size>
         <input_file_ref idref="fl-cc"/>
      </object_component>
      <object_component id="oc-3c1">
         <name>.debug_info</name>
         <load_address>0x21fe3</load_address>
         <run_address>0x21fe3</run_address>
         <size>0x39</size>
         <input_file_ref idref="fl-cc"/>
      </object_component>
      <object_component id="oc-3c6">
         <name>.debug_info</name>
         <load_address>0x2201c</load_address>
         <run_address>0x2201c</run_address>
         <size>0xcd</size>
         <input_file_ref idref="fl-cc"/>
      </object_component>
      <object_component id="oc-aa">
         <name>.debug_info</name>
         <load_address>0x220e9</load_address>
         <run_address>0x220e9</run_address>
         <size>0x148</size>
         <input_file_ref idref="fl-cd"/>
      </object_component>
      <object_component id="oc-126">
         <name>.debug_info</name>
         <load_address>0x22231</load_address>
         <run_address>0x22231</run_address>
         <size>0x117</size>
         <input_file_ref idref="fl-cf"/>
      </object_component>
      <object_component id="oc-34b">
         <name>.debug_info</name>
         <load_address>0x22348</load_address>
         <run_address>0x22348</run_address>
         <size>0x23d</size>
         <input_file_ref idref="fl-d2"/>
      </object_component>
      <object_component id="oc-1e5">
         <name>.debug_info</name>
         <load_address>0x22585</load_address>
         <run_address>0x22585</run_address>
         <size>0x333</size>
         <input_file_ref idref="fl-d2"/>
      </object_component>
      <object_component id="oc-1eb">
         <name>.debug_info</name>
         <load_address>0x228b8</load_address>
         <run_address>0x228b8</run_address>
         <size>0x2a0</size>
         <input_file_ref idref="fl-d2"/>
      </object_component>
      <object_component id="oc-3a3">
         <name>.debug_info</name>
         <load_address>0x22b58</load_address>
         <run_address>0x22b58</run_address>
         <size>0x2ff</size>
         <input_file_ref idref="fl-d2"/>
      </object_component>
      <object_component id="oc-1df">
         <name>.debug_info</name>
         <load_address>0x22e57</load_address>
         <run_address>0x22e57</run_address>
         <size>0x326</size>
         <input_file_ref idref="fl-d2"/>
      </object_component>
      <object_component id="oc-1d9">
         <name>.debug_info</name>
         <load_address>0x2317d</load_address>
         <run_address>0x2317d</run_address>
         <size>0x27c</size>
         <input_file_ref idref="fl-d2"/>
      </object_component>
      <object_component id="oc-397">
         <name>.debug_info</name>
         <load_address>0x233f9</load_address>
         <run_address>0x233f9</run_address>
         <size>0x2a4</size>
         <input_file_ref idref="fl-d2"/>
      </object_component>
      <object_component id="oc-39d">
         <name>.debug_info</name>
         <load_address>0x2369d</load_address>
         <run_address>0x2369d</run_address>
         <size>0x2e7</size>
         <input_file_ref idref="fl-d2"/>
      </object_component>
      <object_component id="oc-1f1">
         <name>.debug_info</name>
         <load_address>0x23984</load_address>
         <run_address>0x23984</run_address>
         <size>0x294</size>
         <input_file_ref idref="fl-d2"/>
      </object_component>
      <object_component id="oc-335">
         <name>.debug_info</name>
         <load_address>0x23c18</load_address>
         <run_address>0x23c18</run_address>
         <size>0x230</size>
         <input_file_ref idref="fl-d3"/>
      </object_component>
      <object_component id="oc-337">
         <name>.debug_info</name>
         <load_address>0x23e48</load_address>
         <run_address>0x23e48</run_address>
         <size>0x15b</size>
         <input_file_ref idref="fl-d3"/>
      </object_component>
      <object_component id="oc-415">
         <name>.debug_info</name>
         <load_address>0x23fa3</load_address>
         <run_address>0x23fa3</run_address>
         <size>0x2a3</size>
         <input_file_ref idref="fl-d3"/>
      </object_component>
      <object_component id="oc-32c">
         <name>.debug_info</name>
         <load_address>0x24246</load_address>
         <run_address>0x24246</run_address>
         <size>0x2b3</size>
         <input_file_ref idref="fl-d3"/>
      </object_component>
      <object_component id="oc-1c8">
         <name>.debug_info</name>
         <load_address>0x244f9</load_address>
         <run_address>0x244f9</run_address>
         <size>0x316</size>
         <input_file_ref idref="fl-d3"/>
      </object_component>
      <object_component id="oc-19d">
         <name>.debug_info</name>
         <load_address>0x2480f</load_address>
         <run_address>0x2480f</run_address>
         <size>0x27b</size>
         <input_file_ref idref="fl-d3"/>
      </object_component>
      <object_component id="oc-1a9">
         <name>.debug_info</name>
         <load_address>0x24a8a</load_address>
         <run_address>0x24a8a</run_address>
         <size>0x279</size>
         <input_file_ref idref="fl-d3"/>
      </object_component>
      <object_component id="oc-1b5">
         <name>.debug_info</name>
         <load_address>0x24d03</load_address>
         <run_address>0x24d03</run_address>
         <size>0x2b7</size>
         <input_file_ref idref="fl-d3"/>
      </object_component>
      <object_component id="oc-1a3">
         <name>.debug_info</name>
         <load_address>0x24fba</load_address>
         <run_address>0x24fba</run_address>
         <size>0x285</size>
         <input_file_ref idref="fl-d3"/>
      </object_component>
      <object_component id="oc-1af">
         <name>.debug_info</name>
         <load_address>0x2523f</load_address>
         <run_address>0x2523f</run_address>
         <size>0x279</size>
         <input_file_ref idref="fl-d3"/>
      </object_component>
      <object_component id="oc-38a">
         <name>.debug_info</name>
         <load_address>0x254b8</load_address>
         <run_address>0x254b8</run_address>
         <size>0x27b</size>
         <input_file_ref idref="fl-d3"/>
      </object_component>
      <object_component id="oc-1bb">
         <name>.debug_info</name>
         <load_address>0x25733</load_address>
         <run_address>0x25733</run_address>
         <size>0x280</size>
         <input_file_ref idref="fl-d3"/>
      </object_component>
      <object_component id="oc-35c">
         <name>.debug_info</name>
         <load_address>0x259b3</load_address>
         <run_address>0x259b3</run_address>
         <size>0x20e</size>
         <input_file_ref idref="fl-d4"/>
      </object_component>
      <object_component id="oc-35e">
         <name>.debug_info</name>
         <load_address>0x25bc1</load_address>
         <run_address>0x25bc1</run_address>
         <size>0x210</size>
         <input_file_ref idref="fl-d4"/>
      </object_component>
      <object_component id="oc-359">
         <name>.debug_info</name>
         <load_address>0x25dd1</load_address>
         <run_address>0x25dd1</run_address>
         <size>0x157</size>
         <input_file_ref idref="fl-d4"/>
      </object_component>
      <object_component id="oc-1ff">
         <name>.debug_info</name>
         <load_address>0x25f28</load_address>
         <run_address>0x25f28</run_address>
         <size>0x2c1</size>
         <input_file_ref idref="fl-d4"/>
      </object_component>
      <object_component id="oc-205">
         <name>.debug_info</name>
         <load_address>0x261e9</load_address>
         <run_address>0x261e9</run_address>
         <size>0x268</size>
         <input_file_ref idref="fl-d4"/>
      </object_component>
      <object_component id="oc-221">
         <name>.debug_info</name>
         <load_address>0x26451</load_address>
         <run_address>0x26451</run_address>
         <size>0x21c</size>
         <input_file_ref idref="fl-d5"/>
      </object_component>
      <object_component id="oc-1d3">
         <name>.debug_info</name>
         <load_address>0x2666d</load_address>
         <run_address>0x2666d</run_address>
         <size>0x242</size>
         <input_file_ref idref="fl-d5"/>
      </object_component>
      <object_component id="oc-107">
         <name>.debug_info</name>
         <load_address>0x268af</load_address>
         <run_address>0x268af</run_address>
         <size>0x276</size>
         <input_file_ref idref="fl-d5"/>
      </object_component>
      <object_component id="oc-1cd">
         <name>.debug_info</name>
         <load_address>0x26b25</load_address>
         <run_address>0x26b25</run_address>
         <size>0x3d9</size>
         <input_file_ref idref="fl-d5"/>
      </object_component>
      <object_component id="oc-195">
         <name>.debug_info</name>
         <load_address>0x26efe</load_address>
         <run_address>0x26efe</run_address>
         <size>0x298</size>
         <input_file_ref idref="fl-d6"/>
      </object_component>
      <object_component id="oc-18c">
         <name>.debug_info</name>
         <load_address>0x27196</load_address>
         <run_address>0x27196</run_address>
         <size>0x14d</size>
         <input_file_ref idref="fl-d6"/>
      </object_component>
      <object_component id="oc-18f">
         <name>.debug_info</name>
         <load_address>0x272e3</load_address>
         <run_address>0x272e3</run_address>
         <size>0x159</size>
         <input_file_ref idref="fl-d6"/>
      </object_component>
      <object_component id="oc-318">
         <name>.debug_info</name>
         <load_address>0x2743c</load_address>
         <run_address>0x2743c</run_address>
         <size>0x153</size>
         <input_file_ref idref="fl-d6"/>
      </object_component>
      <object_component id="oc-192">
         <name>.debug_info</name>
         <load_address>0x2758f</load_address>
         <run_address>0x2758f</run_address>
         <size>0x160</size>
         <input_file_ref idref="fl-d6"/>
      </object_component>
      <object_component id="oc-197">
         <name>.debug_info</name>
         <load_address>0x276ef</load_address>
         <run_address>0x276ef</run_address>
         <size>0x27d</size>
         <input_file_ref idref="fl-d6"/>
      </object_component>
      <object_component id="oc-180">
         <name>.debug_info</name>
         <load_address>0x2796c</load_address>
         <run_address>0x2796c</run_address>
         <size>0x270</size>
         <input_file_ref idref="fl-d6"/>
      </object_component>
      <object_component id="oc-186">
         <name>.debug_info</name>
         <load_address>0x27bdc</load_address>
         <run_address>0x27bdc</run_address>
         <size>0x2ba</size>
         <input_file_ref idref="fl-d6"/>
      </object_component>
      <object_component id="oc-e9">
         <name>.debug_info</name>
         <load_address>0x27e96</load_address>
         <run_address>0x27e96</run_address>
         <size>0x47f</size>
         <input_file_ref idref="fl-d6"/>
      </object_component>
      <object_component id="oc-324">
         <name>.debug_info</name>
         <load_address>0x28315</load_address>
         <run_address>0x28315</run_address>
         <size>0x5f</size>
         <input_file_ref idref="fl-d6"/>
      </object_component>
      <object_component id="oc-212">
         <name>.debug_info</name>
         <load_address>0x28374</load_address>
         <run_address>0x28374</run_address>
         <size>0x223</size>
         <input_file_ref idref="fl-d7"/>
      </object_component>
      <object_component id="oc-364">
         <name>.debug_info</name>
         <load_address>0x28597</load_address>
         <run_address>0x28597</run_address>
         <size>0x15a</size>
         <input_file_ref idref="fl-d7"/>
      </object_component>
      <object_component id="oc-367">
         <name>.debug_info</name>
         <load_address>0x286f1</load_address>
         <run_address>0x286f1</run_address>
         <size>0x16c</size>
         <input_file_ref idref="fl-d7"/>
      </object_component>
      <object_component id="oc-20c">
         <name>.debug_info</name>
         <load_address>0x2885d</load_address>
         <run_address>0x2885d</run_address>
         <size>0x2eb</size>
         <input_file_ref idref="fl-d7"/>
      </object_component>
      <object_component id="oc-fb">
         <name>.debug_info</name>
         <load_address>0x28b48</load_address>
         <run_address>0x28b48</run_address>
         <size>0x2e4</size>
         <input_file_ref idref="fl-d7"/>
      </object_component>
      <object_component id="oc-23c">
         <name>.debug_info</name>
         <load_address>0x28e2c</load_address>
         <run_address>0x28e2c</run_address>
         <size>0x292</size>
         <input_file_ref idref="fl-d7"/>
      </object_component>
      <object_component id="oc-20a">
         <name>.debug_info</name>
         <load_address>0x290be</load_address>
         <run_address>0x290be</run_address>
         <size>0x227</size>
         <input_file_ref idref="fl-d8"/>
      </object_component>
      <object_component id="oc-352">
         <name>.debug_info</name>
         <load_address>0x292e5</load_address>
         <run_address>0x292e5</run_address>
         <size>0x157</size>
         <input_file_ref idref="fl-d8"/>
      </object_component>
      <object_component id="oc-355">
         <name>.debug_info</name>
         <load_address>0x2943c</load_address>
         <run_address>0x2943c</run_address>
         <size>0x169</size>
         <input_file_ref idref="fl-d8"/>
      </object_component>
      <object_component id="oc-1f9">
         <name>.debug_info</name>
         <load_address>0x295a5</load_address>
         <run_address>0x295a5</run_address>
         <size>0x27e</size>
         <input_file_ref idref="fl-d8"/>
      </object_component>
      <object_component id="oc-f6">
         <name>.debug_info</name>
         <load_address>0x29823</load_address>
         <run_address>0x29823</run_address>
         <size>0x2c3</size>
         <input_file_ref idref="fl-d8"/>
      </object_component>
      <object_component id="oc-22f">
         <name>.debug_info</name>
         <load_address>0x29ae6</load_address>
         <run_address>0x29ae6</run_address>
         <size>0x263</size>
         <input_file_ref idref="fl-d8"/>
      </object_component>
      <object_component id="oc-498">
         <name>.debug_info</name>
         <load_address>0x29d49</load_address>
         <run_address>0x29d49</run_address>
         <size>0x95</size>
      </object_component>
      <object_component id="oc-314">
         <name>.debug_line</name>
         <load_address>0x0</load_address>
         <run_address>0x0</run_address>
         <size>0xc2</size>
         <input_file_ref idref="fl-2"/>
      </object_component>
      <object_component id="oc-445">
         <name>.debug_line</name>
         <load_address>0xc2</load_address>
         <run_address>0xc2</run_address>
         <size>0x30</size>
         <input_file_ref idref="fl-2"/>
      </object_component>
      <object_component id="oc-44a">
         <name>.debug_line</name>
         <load_address>0xf2</load_address>
         <run_address>0xf2</run_address>
         <size>0x30</size>
         <input_file_ref idref="fl-2"/>
      </object_component>
      <object_component id="oc-443">
         <name>.debug_line</name>
         <load_address>0x122</load_address>
         <run_address>0x122</run_address>
[...]
            <logical_group_ref idref="lg-d"/>
            <logical_group_ref idref="lg-b"/>
         </contents>
      </load_segment>
   </logical_group_list>
   <placement_map>
      <memory_area display="yes" color="green">
         <name>FLASH</name>
         <page_id>0x0</page_id>
         <origin>0x0</origin>
         <length>0x100000</length>
         <used_space>0x2072</used_space>
         <unused_space>0xfdf8e</unused_space>
         <attributes>RX</attributes>
         <usage_details>
            <allocated_space>
               <start_address>0x0</start_address>
               <size>0x200</size>
               <logical_group_ref idref="lg-3"/>
            </allocated_space>
            <allocated_space>
               <start_address>0x200</start_address>
               <size>0x18a2</size>
               <logical_group_ref idref="lg-4"/>
            </allocated_space>
            <available_space>
               <start_address>0x1aa2</start_address>
               <size>0x2</size>
            </available_space>
            <allocated_space>
               <start_address>0x1aa4</start_address>
               <size>0x4b4</size>
               <logical_group_ref idref="lg-5"/>
            </allocated_space>
            <allocated_space>
               <start_address>0x1f58</start_address>
               <size>0x4</size>
               <logical_group_ref idref="lg-8"/>
            </allocated_space>
            <available_space>
               <start_address>0x1f5c</start_address>
               <size>0x4</size>
            </available_space>
            <allocated_space>
               <start_address>0x1f60</start_address>
               <size>0x118</size>
               <logical_group_ref idref="lg-6"/>
            </allocated_space>
            <available_space>
               <start_address>0x2078</start_address>
               <size>0xfdf88</size>
            </available_space>
         </usage_details>
      </memory_area>
      <memory_area display="yes" color="green">
         <name>SRAM</name>
         <page_id>0x0</page_id>
         <origin>0x20000000</origin>
         <length>0x40000</length>
         <used_space>0x685</used_space>
         <unused_space>0x3f97b</unused_space>
         <attributes>RWX</attributes>
         <usage_details>
            <allocated_space>
               <start_address>0x20000000</start_address>
               <size>0x26c</size>
               <logical_group_ref idref="lg-9"/>
            </allocated_space>
            <allocated_space>
               <start_address>0x2000026c</start_address>
               <size>0x270</size>
               <logical_group_ref idref="lg-a"/>
            </allocated_space>
            <available_space>
               <start_address>0x200004dc</start_address>
               <size>0x4</size>
            </available_space>
            <allocated_space>
               <start_address>0x200004e0</start_address>
               <size>0x100</size>
               <logical_group_ref idref="lg-d"/>
            </allocated_space>
            <allocated_space>
               <start_address>0x200005e0</start_address>
               <size>0xa9</size>
               <logical_group_ref idref="lg-b"/>
            </allocated_space>
            <available_space>
               <start_address>0x20000689</start_address>
               <size>0x3f977</size>
            </available_space>
         </usage_details>
      </memory_area>
   </placement_map>
   <cptbl_list>
      <cptbl>
         <name>__TI_cinit_table</name>
         <cprec>
            <name>.data</name>
            <load_address>0x1f60</load_address>
            <load_size>0xde</load_size>
            <run_address>0x2000026c</run_address>
            <run_size>0x270</run_size>
            <compression>lzss</compression>
         </cprec>
         <cprec>
            <name>.bss</name>
            <load_address>0x2050</load_address>
            <load_size>0x8</load_size>
            <run_address>0x200005e0</run_address>
            <run_size>0xa9</run_size>
            <compression>zero_init</compression>
         </cprec>
         <cprec>
            <name>.vtable</name>
            <load_address>0x2058</load_address>
            <load_size>0x8</load_size>
            <run_address>0x20000000</run_address>
            <run_size>0x26c</run_size>
            <compression>zero_init</compression>
         </cprec>
      </cptbl>
   </cptbl_list>
   <handler_table>
      <handler_table_name>__TI_handler_table</handler_table_name>
      <handler>
         <index>0x0</index>
         <name>__TI_zero_init</name>
      </handler>
      <handler>
         <index>0x1</index>
         <name>__TI_decompress_lzss</name>
      </handler>
      <handler>
         <index>0x2</index>
         <name>__TI_decompress_none</name>
      </handler>
   </handler_table>
   <symbol_table>
      <symbol id="sm-1">
         <name>__STACK_TOP</name>
         <value>0x200005e0</value>
      </symbol>
      <symbol id="sm-2">
         <name>__TI_CINIT_Base</name>
         <value>0x2060</value>
      </symbol>
      <symbol id="sm-3">
         <name>__TI_CINIT_Limit</name>
         <value>0x2078</value>
      </symbol>
      <symbol id="sm-4">
         <name>__TI_Handler_Table_Base</name>
         <value>0x2040</value>
      </symbol>
      <symbol id="sm-5">
         <name>__TI_Handler_Table_Limit</name>
         <value>0x204c</value>
      </symbol>
      <symbol id="sm-6">
         <name>SHT$$INIT_ARRAY$$Base</name>
         <value>0x1f58</value>
      </symbol>
      <symbol id="sm-7">
         <name>SHT$$INIT_ARRAY$$Limit</name>
         <value>0x1f5c</value>
      </symbol>
      <symbol id="sm-8">
         <name>binit</name>
         <value>0xffffffff</value>
      </symbol>
      <symbol id="sm-9">
         <name>__binit__</name>
         <value>0xffffffff</value>
      </symbol>
      <symbol id="sm-a">
         <name>__STACK_SIZE</name>
         <value>0x100</value>
      </symbol>
      <symbol id="sm-b">
         <name>__STACK_END</name>
         <value>0x200005e0</value>
      </symbol>
      <symbol id="sm-c">
         <name>__c_args__</name>
         <value>0xffffffff</value>
      </symbol>
      <symbol id="sm-d">
         <name>__TI_pprof_out_hndl</name>
         <value>0xffffffff</value>
      </symbol>
      <symbol id="sm-e">
         <name>__TI_prof_data_start</name>
         <value>0xffffffff</value>
      </symbol>
      <symbol id="sm-f">
         <name>__TI_prof_data_size</name>
         <value>0xffffffff</value>
      </symbol>
      <symbol id="sm-ac">
         <name>_ZN5Input7ReadAdcEv</name>
         <value>0xfd1</value>
         <object_component_ref idref="oc-247"/>
      </symbol>
      <symbol id="sm-ad">
         <name>inputStateNew</name>
         <value>0x200004d8</value>
         <object_component_ref idref="oc-38f"/>
      </symbol>
      <symbol id="sm-ae">
         <name>_ZN5Input5AdcOnEcc</name>
         <value>0x1475</value>
         <object_component_ref idref="oc-419"/>
      </symbol>
      <symbol id="sm-af">
         <name>_ZN5InputC2Ev</name>
         <value>0x1a4d</value>
         <object_component_ref idref="oc-c7"/>
      </symbol>
      <symbol id="sm-b0">
         <name>_ZN5Input10ReadInputsEv</name>
         <value>0xc25</value>
         <object_component_ref idref="oc-241"/>
      </symbol>
      <symbol id="sm-b1">
         <name>_ZN5Input7AdcSendEc</name>
         <value>0x1639</value>
         <object_component_ref idref="oc-41f"/>
      </symbol>
      <symbol id="sm-b2">
         <name>_ZN5InputC1Ev</name>
         <value>0x1a4d</value>
         <object_component_ref idref="oc-c7"/>
      </symbol>
      <symbol id="sm-b3">
         <name>InputStateTab</name>
         <value>0x2000026c</value>
         <object_component_ref idref="oc-392"/>
      </symbol>
      <symbol id="sm-b4">
         <name>AdcStateTab</name>
         <value>0x200004a0</value>
         <object_component_ref idref="oc-3a8"/>
      </symbol>
      <symbol id="sm-182">
         <name>_ZN3PwrC1Ev</name>
         <value>0x188f</value>
         <object_component_ref idref="oc-cd"/>
      </symbol>
      <symbol id="sm-183">
         <name>_ZN3PwrC2Ev</name>
         <value>0x188f</value>
         <object_component_ref idref="oc-cd"/>
      </symbol>
      <symbol id="sm-184">
         <name>_ZN3Pwr9ParserPwrEPc</name>
         <value>0x19a9</value>
         <object_component_ref idref="oc-425"/>
      </symbol>
      <symbol id="sm-1f7">
         <name>_ZN7comTest8ReadMessEc</name>
         <value>0x1869</value>
         <object_component_ref idref="oc-234"/>
      </symbol>
      <symbol id="sm-1f8">
         <name>_ZN7comTest9ParserOutEv</name>
         <value>0x1359</value>
         <object_component_ref idref="oc-40d"/>
      </symbol>
      <symbol id="sm-1f9">
         <name>ParamOutTab</name>
         <value>0x2000041c</value>
         <object_component_ref idref="oc-434"/>
      </symbol>
      <symbol id="sm-1fa">
         <name>_ZN7comTest10ParserMessEv</name>
         <value>0xeb9</value>
         <object_component_ref idref="oc-381"/>
      </symbol>
      <symbol id="sm-1fb">
         <name>_ZN7comTest9ClearMessEv</name>
         <value>0x1991</value>
         <object_component_ref idref="oc-42b"/>
      </symbol>
      <symbol id="sm-1fc">
         <name>_ZN7comTestC1Ev</name>
         <value>0x1a8f</value>
         <object_component_ref idref="oc-c1"/>
      </symbol>
      <symbol id="sm-1fd">
         <name>_ZN7comTestC2Ev</name>
         <value>0x1a8f</value>
         <object_component_ref idref="oc-c1"/>
      </symbol>
      <symbol id="sm-250">
         <name>g_ui32SysClock</name>
         <value>0x20000684</value>
      </symbol>
      <symbol id="sm-251">
         <name>main</name>
         <value>0x1119</value>
         <object_component_ref idref="oc-af"/>
      </symbol>
      <symbol id="sm-252">
         <name>Canal</name>
         <value>0x200005e0</value>
         <object_component_ref idref="oc-d6"/>
      </symbol>
      <symbol id="sm-253">
         <name>_Z14UARTIntHandlerv</name>
         <value>0x155d</value>
         <object_component_ref idref="oc-111"/>
      </symbol>
      <symbol id="sm-254">
         <name>_Z20TimerIntHandlerInputv</name>
         <value>0x1891</value>
         <object_component_ref idref="oc-117"/>
      </symbol>
      <symbol id="sm-255">
         <name>Inputs</name>
         <value>0x20000658</value>
         <object_component_ref idref="oc-d9"/>
      </symbol>
      <symbol id="sm-256">
         <name>__sti___8_main_cpp_Canal</name>
         <value>0x18b5</value>
         <object_component_ref idref="oc-7b"/>
      </symbol>
      <symbol id="sm-257">
         <name>Pwrrr</name>
         <value>0x20000688</value>
         <object_component_ref idref="oc-d3"/>
      </symbol>
      <symbol id="sm-2a6">
         <name>PinoutSet</name>
         <value>0x201</value>
         <object_component_ref idref="oc-ee"/>
      </symbol>
      <symbol id="sm-2d7">
         <name>ResetISR</name>
         <value>0x1a83</value>
         <object_component_ref idref="oc-25"/>
      </symbol>
      <symbol id="sm-2d8">
         <name>g_pfnVectors</name>
         <value>0x0</value>
         <object_component_ref idref="oc-f"/>
      </symbol>
      <symbol id="sm-354">
         <name>UARTStdioConfig</name>
         <value>0x1289</value>
         <object_component_ref idref="oc-1c0"/>
      </symbol>
      <symbol id="sm-355">
         <name>UARTwrite</name>
         <value>0x14c5</value>
         <object_component_ref idref="oc-36c"/>
      </symbol>
      <symbol id="sm-356">
         <name>UARTprintf</name>
         <value>0x1917</value>
         <object_component_ref idref="oc-100"/>
      </symbol>
      <symbol id="sm-357">
         <name>UARTvprintf</name>
         <value>0x831</value>
         <object_component_ref idref="oc-213"/>
      </symbol>
      <symbol id="sm-366">
         <name>__aeabi_uidivmod</name>
         <value>0x16c1</value>
         <object_component_ref idref="oc-372"/>
      </symbol>
      <symbol id="sm-367">
         <name>__aeabi_uidiv</name>
         <value>0x16c1</value>
         <object_component_ref idref="oc-372"/>
      </symbol>
      <symbol id="sm-380">
         <name>__TI_zero_init_nomemset</name>
         <value>0x1a05</value>
         <object_component_ref idref="oc-57"/>
      </symbol>
      <symbol id="sm-397">
         <name>__TI_decompress_none</name>
         <value>0x1a33</value>
         <object_component_ref idref="oc-18"/>
      </symbol>
      <symbol id="sm-3b5">
         <name>__TI_decompress_lzss</name>
         <value>0x12f1</value>
         <object_component_ref idref="oc-12"/>
      </symbol>
      <symbol id="sm-3bf">
         <name>__aeabi_idiv0</name>
         <value>0x1aa1</value>
         <object_component_ref idref="oc-3fb"/>
      </symbol>
      <symbol id="sm-3d2">
         <name>strstr</name>
         <value>0x17dd</value>
         <object_component_ref idref="oc-407"/>
      </symbol>
      <symbol id="sm-3e5">
         <name>__stack</name>
         <value>0x200004e0</value>
         <object_component_ref idref="oc-22"/>
      </symbol>
      <symbol id="sm-3e6">
         <name>_c_int00_noargs</name>
         <value>0x173d</value>
         <object_component_ref idref="oc-69"/>
      </symbol>
      <symbol id="sm-401">
         <name>memcpy</name>
         <value>0x107d</value>
         <object_component_ref idref="oc-4b"/>
      </symbol>
      <symbol id="sm-402">
         <name>__aeabi_memcpy</name>
         <value>0x107d</value>
         <object_component_ref idref="oc-4b"/>
      </symbol>
      <symbol id="sm-403">
         <name>__aeabi_memcpy8</name>
         <value>0x107d</value>
         <object_component_ref idref="oc-4b"/>
      </symbol>
      <symbol id="sm-404">
         <name>__aeabi_memcpy4</name>
         <value>0x107d</value>
         <object_component_ref idref="oc-4b"/>
      </symbol>
      <symbol id="sm-42d">
         <name>__TI_auto_init_nobinit</name>
         <value>0x13bd</value>
         <object_component_ref idref="oc-135"/>
      </symbol>
      <symbol id="sm-437">
         <name>_system_pre_init</name>
         <value>0x1a9d</value>
         <object_component_ref idref="oc-a9"/>
      </symbol>
      <symbol id="sm-443">
         <name>C$$EXIT</name>
         <value>0x1a99</value>
         <object_component_ref idref="oc-123"/>
      </symbol>
      <symbol id="sm-444">
         <name>abort</name>
         <value>0x1a99</value>
         <object_component_ref idref="oc-123"/>
      </symbol>
      <symbol id="sm-496">
         <name>ADCProcessorTrigger</name>
         <value>0x1931</value>
         <object_component_ref idref="oc-396"/>
      </symbol>
      <symbol id="sm-497">
         <name>ADCSequenceEnable</name>
         <value>0x1a17</value>
         <object_component_ref idref="oc-1ea"/>
      </symbol>
      <symbol id="sm-498">
         <name>ADCSequenceConfigure</name>
         <value>0x141d</value>
         <object_component_ref idref="oc-1de"/>
      </symbol>
      <symbol id="sm-499">
         <name>ADCReferenceSet</name>
         <value>0x1a41</value>
         <object_component_ref idref="oc-1d8"/>
      </symbol>
      <symbol id="sm-49a">
         <name>ADCSequenceStepConfigure</name>
         <value>0x11a5</value>
         <object_component_ref idref="oc-1e4"/>
      </symbol>
      <symbol id="sm-49b">
         <name>ADCIntClear</name>
         <value>0x1a59</value>
         <object_component_ref idref="oc-1f0"/>
      </symbol>
      <symbol id="sm-49c">
         <name>ADCIntStatus</name>
         <value>0x1811</value>
         <object_component_ref idref="oc-39c"/>
      </symbol>
      <symbol id="sm-49d">
         <name>ADCSequenceDataGet</name>
         <value>0x18f9</value>
         <object_component_ref idref="oc-3a2"/>
      </symbol>
      <symbol id="sm-4ff">
         <name>GPIOPinConfigure</name>
         <value>0x15a9</value>
         <object_component_ref idref="oc-1ba"/>
      </symbol>
      <symbol id="sm-500">
         <name>GPIOPinTypeADC</name>
         <value>0x19bd</value>
         <object_component_ref idref="oc-1ae"/>
      </symbol>
      <symbol id="sm-501">
         <name>GPIOPinTypeGPIOInput</name>
         <value>0x19cf</value>
         <object_component_ref idref="oc-1a2"/>
      </symbol>
      <symbol id="sm-502">
         <name>GPIOPinTypeUART</name>
         <value>0x19f3</value>
         <object_component_ref idref="oc-19c"/>
      </symbol>
      <symbol id="sm-503">
         <name>GPIOPinTypeGPIOOutput</name>
         <value>0x1949</value>
         <object_component_ref idref="oc-1b4"/>
      </symbol>
      <symbol id="sm-504">
         <name>GPIOPinRead</name>
         <value>0x1a77</value>
         <object_component_ref idref="oc-389"/>
      </symbol>
      <symbol id="sm-505">
         <name>GPIODirModeSet</name>
         <value>0x183f</value>
         <object_component_ref idref="oc-32a"/>
      </symbol>
      <symbol id="sm-506">
         <name>GPIOPinWrite</name>
         <value>0x1a7d</value>
         <object_component_ref idref="oc-413"/>
      </symbol>
      <symbol id="sm-507">
         <name>GPIOPadConfigSet</name>
         <value>0xd85</value>
         <object_component_ref idref="oc-1c6"/>
      </symbol>
      <symbol id="sm-508">
         <name>GPIOPinTypeSSI</name>
         <value>0x19e1</value>
         <object_component_ref idref="oc-1a8"/>
      </symbol>
      <symbol id="sm-541">
         <name>IntEnable</name>
         <value>0x1221</value>
         <object_component_ref idref="oc-203"/>
      </symbol>
      <symbol id="sm-542">
         <name>IntRegister</name>
         <value>0x1775</value>
         <object_component_ref idref="oc-1fd"/>
      </symbol>
      <symbol id="sm-543">
         <name>g_pfnRAMVectors</name>
         <value>0x20000000</value>
         <object_component_ref idref="oc-358"/>
      </symbol>
      <symbol id="sm-562">
         <name>SSIDataPut</name>
         <value>0x1a63</value>
         <object_component_ref idref="oc-106"/>
      </symbol>
      <symbol id="sm-563">
         <name>SSIConfigSetExpClk</name>
         <value>0x1701</value>
         <object_component_ref idref="oc-1cc"/>
      </symbol>
      <symbol id="sm-564">
         <name>SSIEnable</name>
         <value>0x1a6d</value>
         <object_component_ref idref="oc-1d2"/>
      </symbol>
      <symbol id="sm-5d3">
         <name>SysCtlDelay</name>
         <value>0x1a89</value>
         <object_component_ref idref="oc-10c"/>
      </symbol>
      <symbol id="sm-5d4">
         <name>SysCtlPeripheralEnable</name>
         <value>0x17a9</value>
         <object_component_ref idref="oc-196"/>
      </symbol>
      <symbol id="sm-5d5">
         <name>SysCtlClockFreqSet</name>
         <value>0xa39</value>
         <object_component_ref idref="oc-e8"/>
      </symbol>
      <symbol id="sm-609">
         <name>TimerIntRegister</name>
         <value>0x1961</value>
         <object_component_ref idref="oc-fa"/>
      </symbol>
      <symbol id="sm-60a">
         <name>TimerIntClear</name>
         <value>0x1a95</value>
         <object_component_ref idref="oc-23b"/>
      </symbol>
      <symbol id="sm-63e">
         <name>UARTCharGetNonBlocking</name>
         <value>0x1a25</value>
         <object_component_ref idref="oc-22e"/>
      </symbol>
      <symbol id="sm-63f">
         <name>UARTIntRegister</name>
         <value>0x1979</value>
         <object_component_ref idref="oc-f4"/>
      </symbol>
      <symbol id="sm-641">
         <name>__TI_static_base__</name>
         <value>0x0</value>
      </symbol>
      <symbol id="sm-644">
         <name>__mpu_init</name>
         <value>0x0</value>
      </symbol>
      <symbol id="sm-645">
         <name>_system_post_cinit</name>
         <value>0x0</value>
      </symbol>
   </symbol_table>
   <title>Link successful</title>
</link_info>
