******************************************************************************
                  TI ARM Linker PC v17.9.0                     
******************************************************************************
>> Linked Mon Nov 20 15:52:37 2017

OUTPUT FILE NAME:   <testPO.out>
ENTRY POINT SYMBOL: "_c_int00_noargs"  address: 0000173d


MEMORY CONFIGURATION

         name            origin    length      used     unused   attr    fill
----------------------  --------  ---------  --------  --------  ----  --------
  FLASH                 00000000   00100000  00002072  000fdf8e  R  X
  SRAM                  20000000   00040000  00000685  0003f97b  RW X


SEGMENT ALLOCATION MAP

run origin  load origin   length   init length attrs members
----------  ----------- ---------- ----------- ----- -------
00000000    00000000    00002078   00002078    r-x
  00000000    00000000    00000200   00000200    r-- .intvecs
  00000200    00000200    000018a2   000018a2    r-x .text
  00001aa4    00001aa4    000004b4   000004b4    r-- .const
  00001f58    00001f58    00000004   00000004    r-- .init_array
  00001f60    00001f60    00000118   00000118    r-- .cinit
20000000    20000000    00000689   00000000    rw-
  20000000    20000000    0000026c   00000000    rw- .vtable
  2000026c    2000026c    00000270   00000000    rw- .data
  200004e0    200004e0    00000100   00000000    rw- .stack
  200005e0    200005e0    000000a9   00000000    rw- .bss


SECTION ALLOCATION MAP

 output                                  attributes/
section   page    origin      length       input sections
--------  ----  ----------  ----------   ----------------
.intvecs   0    00000000    00000200     
                  00000000    00000200     startup_ccs.obj (.intvecs)

.text      0    00000200    000018a2     
                  00000200    00000630     pinout.obj (.text:PinoutSet)
                  00000830    00000208     uartstdio.obj (.text:UARTvprintf)
                  00000a38    000001ec     driverlib.lib : sysctl.obj (.text:SysCtlClockFreqSet)
                  00000c24    00000160     Input.obj (.text:_ZN5Input10ReadInputsEv)
                  00000d84    00000132     driverlib.lib : gpio.obj (.text:GPIOPadConfigSet)
                  00000eb6    00000002     startup_ccs.obj (.text:FaultISR)
                  00000eb8    00000118     comTest.obj (.text:_ZN7comTest10ParserMessEv)
                  00000fd0    000000ac     Input.obj (.text:_ZN5Input7ReadAdcEv)
                  0000107c    0000009c     rtsv7M4_T_le_v4SPD16_eabi.lib : memcpy_t2.obj (.text)
                  00001118    0000008c     main.obj (.text:main)
                  000011a4    0000007a     driverlib.lib : adc.obj (.text:ADCSequenceStepConfigure)
                  0000121e    00000002     startup_ccs.obj (.text:IntDefaultHandler)
                  00001220    00000068     driverlib.lib : interrupt.obj (.text:IntEnable)
                  00001288    00000068     uartstdio.obj (.text:UARTStdioConfig)
                  000012f0    00000068     rtsv7M4_T_le_v4SPD16_eabi.lib : copy_decompress_lzss.obj (.text:decompress:lzss)
                  00001358    00000062     comTest.obj (.text:_ZN7comTest9ParserOutEv)
                  000013ba    00000002     startup_ccs.obj (.text:NmiSR)
                  000013bc    00000060     rtsv7M4_T_le_v4SPD16_eabi.lib : autoinit.obj (.text:__TI_auto_init_nobinit)
                  0000141c    00000058     driverlib.lib : adc.obj (.text:ADCSequenceConfigure)
                  00001474    00000050     Input.obj (.text:_ZN5Input5AdcOnEcc)
                  000014c4    0000004c     uartstdio.obj (.text:UARTwrite)
                  00001510    0000004c     driverlib.lib : timer.obj (.text:_TimerIntNumberGet)
                  0000155c    0000004c     main.obj (.text:_Z14UARTIntHandlerv)
                  000015a8    00000048     driverlib.lib : gpio.obj (.text:GPIOPinConfigure)
                  000015f0    00000048                   : sysctl.obj (.text:_SysCtlFrequencyGet)
                  00001638    00000048     Input.obj (.text:_ZN5Input7AdcSendEc)
                  00001680    00000040     driverlib.lib : uart.obj (.text:_UARTIntNumberGet)
                  000016c0    00000040     rtsv7M4_T_le_v4SPD16_eabi.lib : u_divt2.obj (.text)
                  00001700    0000003c     driverlib.lib : ssi.obj (.text:SSIConfigSetExpClk)
                  0000173c    00000038     rtsv7M4_T_le_v4SPD16_eabi.lib : boot_cortex_m.obj (.text:_c_int00_noargs)
                  00001774    00000034     driverlib.lib : interrupt.obj (.text:IntRegister)
                  000017a8    00000034                   : sysctl.obj (.text:SysCtlPeripheralEnable)
                  000017dc    00000034     rtsv7M4_T_le_v4SPD16_eabi.lib : strstr.obj (.text)
                  00001810    0000002e     driverlib.lib : adc.obj (.text:ADCIntStatus)
                  0000183e    0000002a                   : gpio.obj (.text:GPIODirModeSet)
                  00001868    00000026     comTest.obj (.text:_ZN7comTest8ReadMessEc)
                  0000188e    00000002     PWR.obj (.text:_ZN3PwrC1Ev)
                  00001890    00000024     main.obj (.text:_Z20TimerIntHandlerInputv)
                  000018b4    00000024     main.obj (.text:__sti___8_main_cpp_Canal)
                  000018d8    00000020     driverlib.lib : sysctl.obj (.text:_SysCtlMemTimingGet)
                  000018f8    0000001e                   : adc.obj (.text:ADCSequenceDataGet)
                  00001916    0000001a     uartstdio.obj (.text:UARTprintf)
                  00001930    00000018     driverlib.lib : adc.obj (.text:ADCProcessorTrigger)
                  00001948    00000018                   : gpio.obj (.text:GPIOPinTypeGPIOOutput)
                  00001960    00000018                   : timer.obj (.text:TimerIntRegister)
                  00001978    00000018                   : uart.obj (.text:UARTIntRegister)
                  00001990    00000018     comTest.obj (.text:_ZN7comTest9ClearMessEv)
                  000019a8    00000014     PWR.obj (.text:_ZN3Pwr9ParserPwrEPc)
                  000019bc    00000012     driverlib.lib : gpio.obj (.text:GPIOPinTypeADC)
                  000019ce    00000012                   : gpio.obj (.text:GPIOPinTypeGPIOInput)
                  000019e0    00000012                   : gpio.obj (.text:GPIOPinTypeSSI)
                  000019f2    00000012                   : gpio.obj (.text:GPIOPinTypeUART)
                  00001a04    00000012     rtsv7M4_T_le_v4SPD16_eabi.lib : copy_zero_init.obj (.text:decompress:ZI:__TI_zero_init_nomemset)
                  00001a16    0000000e     driverlib.lib : adc.obj (.text:ADCSequenceEnable)
                  00001a24    0000000e                   : uart.obj (.text:UARTCharGetNonBlocking)
                  00001a32    0000000e     rtsv7M4_T_le_v4SPD16_eabi.lib : copy_decompress_none.obj (.text:decompress:none)
                  00001a40    0000000c     driverlib.lib : adc.obj (.text:ADCReferenceSet)
                  00001a4c    0000000c     Input.obj (.text:_ZN5InputC1Ev)
                  00001a58    0000000a     driverlib.lib : adc.obj (.text:ADCIntClear)
                  00001a62    0000000a                   : ssi.obj (.text:SSIDataPut)
                  00001a6c    0000000a                   : ssi.obj (.text:SSIEnable)
                  00001a76    00000006                   : gpio.obj (.text:GPIOPinRead)
                  00001a7c    00000006                   : gpio.obj (.text:GPIOPinWrite)
                  00001a82    00000006     startup_ccs.obj (.text:ResetISR)
                  00001a88    00000006     driverlib.lib : sysctl.obj (.text:SysCtlDelay)
                  00001a8e    00000006     comTest.obj (.text:_ZN7comTestC1Ev)
                  00001a94    00000004     driverlib.lib : timer.obj (.text:TimerIntClear)
                  00001a98    00000004     rtsv7M4_T_le_v4SPD16_eabi.lib : exit.obj (.text:abort)
                  00001a9c    00000004                                   : pre_init.obj (.text)
                  00001aa0    00000002                                   : i_div0.obj (.text)

.const     0    00001aa4    000004b4     
                  00001aa4    000001b0     driverlib.lib : sysctl.obj (.const:g_pppui32XTALtoVCO)
                  00001c54    00000090                   : gpio.obj (.const:g_pui32GPIOBaseAddrs)
                  00001ce4    00000070                   : interrupt.obj (.const)
                  00001d54    0000006c                   : sysctl.obj (.const:g_pui32Xtals)
                  00001dc0    00000060                   : timer.obj (.const:g_ppui32TimerIntMap)
                  00001e20    00000040                   : timer.obj (.const:g_ppui32TimerIntMapSnowflake)
                  00001e60    00000040                   : uart.obj (.const:g_ppui32UARTIntMap)
                  00001ea0    00000040                   : uart.obj (.const:g_ppui32UARTIntMapSnowflake)
                  00001ee0    00000030                   : sysctl.obj (.const:g_sXTALtoMEMTIM)
                  00001f10    00000012     uartstdio.obj (.const:.string)
                  00001f22    00000002     --HOLE-- [fill = 0]
                  00001f24    0000000c     uartstdio.obj (.const:g_ui32UARTBase)
                  00001f30    0000000c     uartstdio.obj (.const:g_ui32UARTPeriph)
                  00001f3c    00000008     driverlib.lib : sysctl.obj (.const)
                  00001f44    00000004     comTest.obj (.const:.string:adc)
                  00001f48    00000004     comTest.obj (.const:.string:gps)
                  00001f4c    00000004     comTest.obj (.const:.string:out)
                  00001f50    00000004     comTest.obj (.const:.string:pwr)
                  00001f54    00000004     uartstdio.obj (.const)

.cinit     0    00001f60    00000118     
                  00001f60    000000de     (.cinit..data.load) [load image, compression = lzss]
                  0000203e    00000002     --HOLE-- [fill = 0]
                  00002040    0000000c     (__TI_handler_table)
                  0000204c    00000004     --HOLE-- [fill = 0]
                  00002050    00000008     (.cinit..bss.load) [load image, compression = zero_init]
                  00002058    00000008     (.cinit..vtable.load) [load image, compression = zero_init]
                  00002060    00000018     (__TI_cinit_table)

.init_array 
*          0    00001f58    00000004     
                  00001f58    00000004     main.obj (.init_array)

.vtable    0    20000000    0000026c     UNINITIALIZED
                  20000000    0000026c     driverlib.lib : interrupt.obj (.vtable)

.data      0    2000026c    00000270     UNINITIALIZED
                  2000026c    000001b0     Input.obj (.data:InputStateTab)
                  2000041c    00000084     comTest.obj (.data:ParamOutTab)
                  200004a0    00000030     Input.obj (.data:AdcStateTab)
                  200004d0    00000005     uartstdio.obj (.data)
                  200004d5    00000003     --HOLE--
                  200004d8    00000004     Input.obj (.data)

.bss       0    200005e0    000000a9     UNINITIALIZED
                  200005e0    00000078     main.obj (.bss:Canal)
                  20000658    0000002c     main.obj (.bss:Inputs)
                  20000684    00000004     (.common:g_ui32SysClock)
                  20000688    00000001     main.obj (.bss:Pwrrr)

.stack     0    200004e0    00000100     UNINITIALIZED
                  200004e0    00000004     rtsv7M4_T_le_v4SPD16_eabi.lib : boot_cortex_m.obj (.stack)
                  200004e4    000000fc     --HOLE--

MODULE SUMMARY

       Module                     code   ro data   rw data
       ------                     ----   -------   -------
    .\
       pinout.obj                 1584   0         0      
       Input.obj                  688    0         484    
       uartstdio.obj              726    46        5      
       comTest.obj                446    16        132    
       startup_ccs.obj            12     512       0      
       main.obj                   288    4         169    
       PWR.obj                    22     0         0      
    +--+--------------------------+------+---------+---------+
       Total:                     3766   578       790    
                                                          
    C:/ti/TivaWare_C_Series-2.1.3.156/driverlib/ccs/Debug/driverlib.lib
       sysctl.obj                 654    596       0      
       interrupt.obj              156    112       620    
       gpio.obj                   528    144       0      
       adc.obj                    346    0         0      
       timer.obj                  104    160       0      
       uart.obj                   102    128       0      
       ssi.obj                    80     0         0      
    +--+--------------------------+------+---------+---------+
       Total:                     1970   1140      620    
                                                          
    C:\ti\ccsv7\tools\compiler\ti-cgt-arm_17.9.0.STS\lib\rtsv7M4_T_le_v4SPD16_eabi.lib
       memcpy_t2.obj              156    0         0      
       copy_decompress_lzss.obj   104    0         0      
       autoinit.obj               96     0         0      
       u_divt2.obj                64     0         0      
       boot_cortex_m.obj          56     0         0      
       strstr.obj                 52     0         0      
       copy_zero_init.obj         18     0         0      
       copy_decompress_none.obj   14     0         0      
       exit.obj                   4      0         0      
       pre_init.obj               4      0         0      
       i_div0.obj                 2      0         0      
    +--+--------------------------+------+---------+---------+
       Total:                     570    0         0      
                                                          
       Stack:                     0      0         256    
       Linker Generated:          0      274       0      
    +--+--------------------------+------+---------+---------+
       Grand Total:               6306   1992      1666   


LINKER GENERATED COPY TABLES

__TI_cinit_table @ 00002060 records: 3, size/record: 8, table size: 24
	.data: load addr=00001f60, load size=000000de bytes, run addr=2000026c, run size=00000270 bytes, compression=lzss
	.bss: load addr=00002050, load size=00000008 bytes, run addr=200005e0, run size=000000a9 bytes, compression=zero_init
	.vtable: load addr=00002058, load size=00000008 bytes, run addr=20000000, run size=0000026c bytes, compression=zero_init


LINKER GENERATED HANDLER TABLE

__TI_handler_table @ 00002040 records: 3, size/record: 4, table size: 12
	index: 0, handler: __TI_zero_init
	index: 1, handler: __TI_decompress_lzss
	index: 2, handler: __TI_decompress_none


GLOBAL SYMBOLS: SORTED ALPHABETICALLY BY Name 

address   name                     
-------   ----                     
00001a59  ADCIntClear              
00001811  ADCIntStatus             
00001931  ADCProcessorTrigger      
00001a41  ADCReferenceSet          
0000141d  ADCSequenceConfigure     
000018f9  ADCSequenceDataGet       
00001a17  ADCSequenceEnable        
000011a5  ADCSequenceStepConfigure 
200004a0  AdcStateTab              
00001a99  C$$EXIT                  
200005e0  Canal                    
0000183f  GPIODirModeSet           
00000d85  GPIOPadConfigSet         
000015a9  GPIOPinConfigure         
00001a77  GPIOPinRead              
000019bd  GPIOPinTypeADC           
000019cf  GPIOPinTypeGPIOInput     
00001949  GPIOPinTypeGPIOOutput    
000019e1  GPIOPinTypeSSI           
000019f3  GPIOPinTypeUART          
00001a7d  GPIOPinWrite             
2000026c  InputStateTab            
20000658  Inputs                   
00001221  IntEnable                
00001775  IntRegister              
2000041c  ParamOutTab              
00000201  PinoutSet                
20000688  Pwrrr                    
00001a83  ResetISR                 
00001f58  SHT$$INIT_ARRAY$$Base    
00001f5c  SHT$$INIT_ARRAY$$Limit   
00001701  SSIConfigSetExpClk       
00001a63  SSIDataPut               
00001a6d  SSIEnable                
00000a39  SysCtlClockFreqSet       
00001a89  SysCtlDelay              
000017a9  SysCtlPeripheralEnable   
00001a95  TimerIntClear            
00001961  TimerIntRegister         
00001a25  UARTCharGetNonBlocking   
00001979  UARTIntRegister          
00001289  UARTStdioConfig          
00001917  UARTprintf               
00000831  UARTvprintf              
000014c5  UARTwrite                
0000155d  _Z14UARTIntHandlerv      
00001891  _Z20TimerIntHandlerInputv
000019a9  _ZN3Pwr9ParserPwrEPc     
0000188f  _ZN3PwrC1Ev              
0000188f  _ZN3PwrC2Ev              
00000c25  _ZN5Input10ReadInputsEv  
00001475  _ZN5Input5AdcOnEcc       
00001639  _ZN5Input7AdcSendEc      
00000fd1  _ZN5Input7ReadAdcEv      
00001a4d  _ZN5InputC1Ev            
00001a4d  _ZN5InputC2Ev            
00000eb9  _ZN7comTest10ParserMessEv
00001869  _ZN7comTest8ReadMessEc   
00001991  _ZN7comTest9ClearMessEv  
00001359  _ZN7comTest9ParserOutEv  
00001a8f  _ZN7comTestC1Ev          
00001a8f  _ZN7comTestC2Ev          
200005e0  __STACK_END              
00000100  __STACK_SIZE             
200005e0  __STACK_TOP              
00002060  __TI_CINIT_Base          
00002078  __TI_CINIT_Limit         
00002040  __TI_Handler_Table_Base  
0000204c  __TI_Handler_Table_Limit 
000013bd  __TI_auto_init_nobinit   
000012f1  __TI_decompress_lzss     
00001a33  __TI_decompress_none     
ffffffff  __TI_pprof_out_hndl      
ffffffff  __TI_prof_data_size      
ffffffff  __TI_prof_data_start     
00000000  __TI_static_base__       
00001a05  __TI_zero_init_nomemset  
00001aa1  __aeabi_idiv0            
0000107d  __aeabi_memcpy           
0000107d  __aeabi_memcpy4          
0000107d  __aeabi_memcpy8          
000016c1  __aeabi_uidiv            
000016c1  __aeabi_uidivmod         
ffffffff  __binit__                
ffffffff  __c_args__               
UNDEFED   __mpu_init               
200004e0  __stack                  
000018b5  __sti___8_main_cpp_Canal 
0000173d  _c_int00_noargs          
UNDEFED   _system_post_cinit       
00001a9d  _system_pre_init         
00001a99  abort                    
ffffffff  binit                    
20000000  g_pfnRAMVectors          
00000000  g_pfnVectors             
20000684  g_ui32SysClock           
200004d8  inputStateNew            
00001119  main                     
0000107d  memcpy                   
000017dd  strstr                   


GLOBAL SYMBOLS: SORTED BY Symbol Address 

address   name                     
-------   ----                     
00000000  __TI_static_base__       
00000000  g_pfnVectors             
00000100  __STACK_SIZE             
00000201  PinoutSet                
00000831  UARTvprintf              
00000a39  SysCtlClockFreqSet       
00000c25  _ZN5Input10ReadInputsEv  
00000d85  GPIOPadConfigSet         
00000eb9  _ZN7comTest10ParserMessEv
00000fd1  _ZN5Input7ReadAdcEv      
0000107d  __aeabi_memcpy           
0000107d  __aeabi_memcpy4          
0000107d  __aeabi_memcpy8          
0000107d  memcpy                   
00001119  main                     
000011a5  ADCSequenceStepConfigure 
00001221  IntEnable                
00001289  UARTStdioConfig          
000012f1  __TI_decompress_lzss     
00001359  _ZN7comTest9ParserOutEv  
000013bd  __TI_auto_init_nobinit   
0000141d  ADCSequenceConfigure     
00001475  _ZN5Input5AdcOnEcc       
000014c5  UARTwrite                
0000155d  _Z14UARTIntHandlerv      
000015a9  GPIOPinConfigure         
00001639  _ZN5Input7AdcSendEc      
000016c1  __aeabi_uidiv            
000016c1  __aeabi_uidivmod         
00001701  SSIConfigSetExpClk       
0000173d  _c_int00_noargs          
00001775  IntRegister              
000017a9  SysCtlPeripheralEnable   
000017dd  strstr                   
00001811  ADCIntStatus             
0000183f  GPIODirModeSet           
00001869  _ZN7comTest8ReadMessEc   
0000188f  _ZN3PwrC1Ev              
0000188f  _ZN3PwrC2Ev              
00001891  _Z20TimerIntHandlerInputv
000018b5  __sti___8_main_cpp_Canal 
000018f9  ADCSequenceDataGet       
00001917  UARTprintf               
00001931  ADCProcessorTrigger      
00001949  GPIOPinTypeGPIOOutput    
00001961  TimerIntRegister         
00001979  UARTIntRegister          
00001991  _ZN7comTest9ClearMessEv  
000019a9  _ZN3Pwr9ParserPwrEPc     
000019bd  GPIOPinTypeADC           
000019cf  GPIOPinTypeGPIOInput     
000019e1  GPIOPinTypeSSI           
000019f3  GPIOPinTypeUART          
00001a05  __TI_zero_init_nomemset  
00001a17  ADCSequenceEnable        
00001a25  UARTCharGetNonBlocking   
00001a33  __TI_decompress_none     
00001a41  ADCReferenceSet          
00001a4d  _ZN5InputC1Ev            
00001a4d  _ZN5InputC2Ev            
00001a59  ADCIntClear              
00001a63  SSIDataPut               
00001a6d  SSIEnable                
00001a77  GPIOPinRead              
00001a7d  GPIOPinWrite             
00001a83  ResetISR                 
00001a89  SysCtlDelay              
00001a8f  _ZN7comTestC1Ev          
00001a8f  _ZN7comTestC2Ev          
00001a95  TimerIntClear            
00001a99  C$$EXIT                  
00001a99  abort                    
00001a9d  _system_pre_init         
00001aa1  __aeabi_idiv0            
00001f58  SHT$$INIT_ARRAY$$Base    
00001f5c  SHT$$INIT_ARRAY$$Limit   
00002040  __TI_Handler_Table_Base  
0000204c  __TI_Handler_Table_Limit 
00002060  __TI_CINIT_Base          
00002078  __TI_CINIT_Limit         
20000000  g_pfnRAMVectors          
2000026c  InputStateTab            
2000041c  ParamOutTab              
200004a0  AdcStateTab              
200004d8  inputStateNew            
200004e0  __stack                  
200005e0  Canal                    
200005e0  __STACK_END              
200005e0  __STACK_TOP              
20000658  Inputs                   
20000684  g_ui32SysClock           
20000688  Pwrrr                    
ffffffff  __TI_pprof_out_hndl      
ffffffff  __TI_prof_data_size      
ffffffff  __TI_prof_data_start     
ffffffff  __binit__                
ffffffff  __c_args__               
ffffffff  binit                    
UNDEFED   __mpu_init               
UNDEFED   _system_post_cinit       

[100 symbols]
