******************************************************************************
                  TI ARM Linker PC v17.9.0                     
******************************************************************************
>> Linked Fri Oct 20 11:29:14 2017

OUTPUT FILE NAME:   <timers.out>
ENTRY POINT SYMBOL: "_c_int00_noargs"  address: 00000ad5


MEMORY CONFIGURATION

         name            origin    length      used     unused   attr    fill
----------------------  --------  ---------  --------  --------  ----  --------
  FLASH                 00000000   00100000  00000e1c  000ff1e4  R  X
  SRAM                  20000000   00040000  0000010d  0003fef3  RW X


SEGMENT ALLOCATION MAP

run origin  load origin   length   init length attrs members
----------  ----------- ---------- ----------- ----- -------
00000000    00000000    00000e20   00000e20    r-x
  00000000    00000000    00000200   00000200    r-- .intvecs
  00000200    00000200    00000980   00000980    r-x .text
  00000b80    00000b80    0000026c   0000026c    r-- .const
  00000df0    00000df0    00000030   00000030    r-- .cinit
20000000    20000000    0000010d   00000000    rw-
  20000000    20000000    00000100   00000000    rw- .stack
  20000100    20000100    00000008   00000000    rw- .bss
  20000108    20000108    00000005   00000000    rw- .data


SECTION ALLOCATION MAP

 output                                  attributes/
section   page    origin      length       input sections
--------  ----  ----------  ----------   ----------------
.intvecs   0    00000000    00000200     
                  00000000    00000200     startup_ccs.obj (.intvecs)

.text      0    00000200    00000980     
                  00000200    000001ec     driverlib.lib : sysctl.obj (.text:SysCtlClockFreqSet)
                  000003ec    000001ea     uartstdio.obj (.text:UARTvprintf)
                  000005d6    00000002     startup_ccs.obj (.text:FaultISR)
                  000005d8    0000011c     timers.obj (.text:main)
                  000006f4    0000009c     rtsv7M4_T_le_v4SPD16_eabi.lib : memcpy_t2.obj (.text)
                  00000790    00000088     timers.obj (.text:Timer0IntHandler)
                  00000818    00000084     timers.obj (.text:Timer1IntHandler)
                  0000089c    00000068     rtsv7M4_T_le_v4SPD16_eabi.lib : copy_decompress_lzss.obj (.text:decompress:lzss)
                  00000904    00000060     uartstdio.obj (.text:UARTStdioConfig)
                  00000964    0000005c     timers.obj (.text:ConfigureUART)
                  000009c0    00000048     uartstdio.obj (.text:UARTwrite)
                  00000a08    00000048     driverlib.lib : sysctl.obj (.text:_SysCtlFrequencyGet)
                  00000a50    00000044     rtsv7M4_T_le_v4SPD16_eabi.lib : autoinit.obj (.text:__TI_auto_init_nobinit_nopinit)
                  00000a94    00000040                                   : u_divt2.obj (.text)
                  00000ad4    00000038                                   : boot_cortex_m.obj (.text:_c_int00_noargs)
                  00000b0c    00000020     driverlib.lib : sysctl.obj (.text:_SysCtlMemTimingGet)
                  00000b2c    0000001a     uartstdio.obj (.text:UARTprintf)
                  00000b46    00000012     rtsv7M4_T_le_v4SPD16_eabi.lib : copy_zero_init.obj (.text:decompress:ZI:__TI_zero_init_nomemset)
                  00000b58    0000000e                                   : copy_decompress_none.obj (.text:decompress:none)
                  00000b66    00000006     driverlib.lib : gpio.obj (.text:GPIOPinWrite)
                  00000b6c    00000006     startup_ccs.obj (.text:ResetISR)
                  00000b72    00000004     rtsv7M4_T_le_v4SPD16_eabi.lib : exit.obj (.text:abort)
                  00000b76    00000004                                   : pre_init.obj (.text)
                  00000b7a    00000002     startup_ccs.obj (.text:IntDefaultHandler)
                  00000b7c    00000002     startup_ccs.obj (.text:NmiSR)
                  00000b7e    00000002     rtsv7M4_T_le_v4SPD16_eabi.lib : i_div0.obj (.text)

.const     0    00000b80    0000026c     
                  00000b80    000001b0     driverlib.lib : sysctl.obj (.const:g_pppui32XTALtoVCO)
                  00000d30    0000006c                   : sysctl.obj (.const:g_pui32Xtals)
                  00000d9c    00000030                   : sysctl.obj (.const:g_sXTALtoMEMTIM)
                  00000dcc    0000000c     uartstdio.obj (.const:g_ui32UARTBase)
                  00000dd8    0000000c     uartstdio.obj (.const:g_ui32UARTPeriph)
                  00000de4    00000008     driverlib.lib : sysctl.obj (.const)

.cinit     0    00000df0    00000030     
                  00000df0    0000000c     (__TI_handler_table)
                  00000dfc    00000004     --HOLE-- [fill = 0]
                  00000e00    00000008     (.cinit..bss.load) [load image, compression = zero_init]
                  00000e08    00000007     (.cinit..data.load) [load image, compression = lzss]
                  00000e0f    00000001     --HOLE-- [fill = 0]
                  00000e10    00000010     (__TI_cinit_table)

.init_array 
*          0    00000000    00000000     UNINITIALIZED

.bss       0    20000100    00000008     UNINITIALIZED
                  20000100    00000004     (.common:g_ui32Flags)
                  20000104    00000004     (.common:g_ui32SysClock)

.data      0    20000108    00000005     UNINITIALIZED
                  20000108    00000005     uartstdio.obj (.data)

.stack     0    20000000    00000100     UNINITIALIZED
                  20000000    00000004     rtsv7M4_T_le_v4SPD16_eabi.lib : boot_cortex_m.obj (.stack)
                  20000004    000000fc     --HOLE--

MODULE SUMMARY

       Module                     code   ro data   rw data
       ------                     ----   -------   -------
    .\
       timers.obj                 644    0         8      
       startup_ccs.obj            12     512       0      
    +--+--------------------------+------+---------+---------+
       Total:                     656    512       8      
                                                          
    .\utils\
       uartstdio.obj              684    24        5      
    +--+--------------------------+------+---------+---------+
       Total:                     684    24        5      
                                                          
    C:/ti/TivaWare_C_Series-2.1.3.156/driverlib/ccs/Debug/driverlib.lib
       sysctl.obj                 596    596       0      
       gpio.obj                   6      0         0      
    +--+--------------------------+------+---------+---------+
       Total:                     602    596       0      
                                                          
    C:\ti\ccsv7\tools\compiler\ti-cgt-arm_17.9.0.STS\lib\rtsv7M4_T_le_v4SPD16_eabi.lib
       memcpy_t2.obj              156    0         0      
       copy_decompress_lzss.obj   104    0         0      
       autoinit.obj               68     0         0      
       u_divt2.obj                64     0         0      
       boot_cortex_m.obj          56     0         0      
       copy_zero_init.obj         18     0         0      
       copy_decompress_none.obj   14     0         0      
       exit.obj                   4      0         0      
       pre_init.obj               4      0         0      
       i_div0.obj                 2      0         0      
    +--+--------------------------+------+---------+---------+
       Total:                     490    0         0      
                                                          
       Stack:                     0      0         256    
       Linker Generated:          0      43        0      
    +--+--------------------------+------+---------+---------+
       Grand Total:               2432   1175      269    


LINKER GENERATED COPY TABLES

__TI_cinit_table @ 00000e10 records: 2, size/record: 8, table size: 16
	.bss: load addr=00000e00, load size=00000008 bytes, run addr=20000100, run size=00000008 bytes, compression=zero_init
	.data: load addr=00000e08, load size=00000007 bytes, run addr=20000108, run size=00000005 bytes, compression=lzss


LINKER GENERATED HANDLER TABLE

__TI_handler_table @ 00000df0 records: 3, size/record: 4, table size: 12
	index: 0, handler: __TI_decompress_lzss
	index: 1, handler: __TI_decompress_none
	index: 2, handler: __TI_zero_init


GLOBAL SYMBOLS: SORTED ALPHABETICALLY BY Name 

address   name                          
-------   ----                          
00000b73  C$$EXIT                       
00000965  ConfigureUART                 
00000b67  GPIOPinWrite                  
00000b6d  ResetISR                      
00000201  SysCtlClockFreqSet            
00000791  Timer0IntHandler              
00000819  Timer1IntHandler              
00000905  UARTStdioConfig               
00000b2d  UARTprintf                    
000003ed  UARTvprintf                   
000009c1  UARTwrite                     
20000100  __STACK_END                   
00000100  __STACK_SIZE                  
20000100  __STACK_TOP                   
00000e10  __TI_CINIT_Base               
00000e20  __TI_CINIT_Limit              
00000df0  __TI_Handler_Table_Base       
00000dfc  __TI_Handler_Table_Limit      
00000a51  __TI_auto_init_nobinit_nopinit
0000089d  __TI_decompress_lzss          
00000b59  __TI_decompress_none          
ffffffff  __TI_pprof_out_hndl           
ffffffff  __TI_prof_data_size           
ffffffff  __TI_prof_data_start          
00000000  __TI_static_base__            
00000b47  __TI_zero_init_nomemset       
00000b7f  __aeabi_idiv0                 
000006f5  __aeabi_memcpy                
000006f5  __aeabi_memcpy4               
000006f5  __aeabi_memcpy8               
00000a95  __aeabi_uidiv                 
00000a95  __aeabi_uidivmod              
ffffffff  __binit__                     
ffffffff  __c_args__                    
UNDEFED   __mpu_init                    
20000000  __stack                       
00000ad5  _c_int00_noargs               
UNDEFED   _system_post_cinit            
00000b77  _system_pre_init              
00000b73  abort                         
ffffffff  binit                         
00000000  g_pfnVectors                  
20000100  g_ui32Flags                   
20000104  g_ui32SysClock                
000005d9  main                          
000006f5  memcpy                        


GLOBAL SYMBOLS: SORTED BY Symbol Address 

address   name                          
-------   ----                          
00000000  __TI_static_base__            
00000000  g_pfnVectors                  
00000100  __STACK_SIZE                  
00000201  SysCtlClockFreqSet            
000003ed  UARTvprintf                   
000005d9  main                          
000006f5  __aeabi_memcpy                
000006f5  __aeabi_memcpy4               
000006f5  __aeabi_memcpy8               
000006f5  memcpy                        
00000791  Timer0IntHandler              
00000819  Timer1IntHandler              
0000089d  __TI_decompress_lzss          
00000905  UARTStdioConfig               
00000965  ConfigureUART                 
000009c1  UARTwrite                     
00000a51  __TI_auto_init_nobinit_nopinit
00000a95  __aeabi_uidiv                 
00000a95  __aeabi_uidivmod              
00000ad5  _c_int00_noargs               
00000b2d  UARTprintf                    
00000b47  __TI_zero_init_nomemset       
00000b59  __TI_decompress_none          
00000b67  GPIOPinWrite                  
00000b6d  ResetISR                      
00000b73  C$$EXIT                       
00000b73  abort                         
00000b77  _system_pre_init              
00000b7f  __aeabi_idiv0                 
00000df0  __TI_Handler_Table_Base       
00000dfc  __TI_Handler_Table_Limit      
00000e10  __TI_CINIT_Base               
00000e20  __TI_CINIT_Limit              
20000000  __stack                       
20000100  __STACK_END                   
20000100  __STACK_TOP                   
20000100  g_ui32Flags                   
20000104  g_ui32SysClock                
ffffffff  __TI_pprof_out_hndl           
ffffffff  __TI_prof_data_size           
ffffffff  __TI_prof_data_start          
ffffffff  __binit__                     
ffffffff  __c_args__                    
ffffffff  binit                         
UNDEFED   __mpu_init                    
UNDEFED   _system_post_cinit            

[46 symbols]
